Archive member included to satisfy reference by file (symbol)

.\CortexM0\ARM_GCC_541\Debug\Firmware_V0.1.a(CyLib.o)
                              .\CortexM0\ARM_GCC_541\Debug\cyfitter_cfg.o (CyIntEnable)
.\CortexM0\ARM_GCC_541\Debug\Firmware_V0.1.a(CyLFClk.o)
                              .\CortexM0\ARM_GCC_541\Debug\cyfitter_cfg.o (CySysClkWcoStart)
.\CortexM0\ARM_GCC_541\Debug\Firmware_V0.1.a(I2C.o)
                              .\CortexM0\ARM_GCC_541\Debug\main.o (I2C_Start)
.\CortexM0\ARM_GCC_541\Debug\Firmware_V0.1.a(I2C_I2C.o)
                              .\CortexM0\ARM_GCC_541\Debug\Firmware_V0.1.a(I2C.o) (I2C_I2CInit)
.\CortexM0\ARM_GCC_541\Debug\Firmware_V0.1.a(I2C_I2C_MASTER.o)
                              .\CortexM0\ARM_GCC_541\Debug\EEPROM.o (I2C_I2CMasterSendStart)
.\CortexM0\ARM_GCC_541\Debug\Firmware_V0.1.a(UART.o)
                              .\CortexM0\ARM_GCC_541\Debug\main.o (UART_Start)
.\CortexM0\ARM_GCC_541\Debug\Firmware_V0.1.a(UART_UART.o)
                              .\CortexM0\ARM_GCC_541\Debug\Firmware_V0.1.a(UART.o) (UART_UartInit)
.\CortexM0\ARM_GCC_541\Debug\Firmware_V0.1.a(EEPROM_WC.o)
                              .\CortexM0\ARM_GCC_541\Debug\EEPROM.o (EEPROM_WC_Write)
.\CortexM0\ARM_GCC_541\Debug\Firmware_V0.1.a(SPIM.o)
                              .\CortexM0\ARM_GCC_541\Debug\temp_bme280.o (SPIM_WriteTxData)
.\CortexM0\ARM_GCC_541\Debug\Firmware_V0.1.a(SPIM_INT.o)
                              .\CortexM0\ARM_GCC_541\Debug\Firmware_V0.1.a(SPIM.o) (SPIM_TX_ISR)
.\CortexM0\ARM_GCC_541\Debug\Firmware_V0.1.a(RTC.o)
                              .\CortexM0\ARM_GCC_541\Debug\main.o (RTC_Start)
.\CortexM0\ARM_GCC_541\Debug\Firmware_V0.1.a(ADC_SAR.o)
                              .\CortexM0\ARM_GCC_541\Debug\main.o (ADC_SAR_Start)
.\CortexM0\ARM_GCC_541\Debug\Firmware_V0.1.a(ADC_SAR_INT.o)
                              .\CortexM0\ARM_GCC_541\Debug\Firmware_V0.1.a(ADC_SAR.o) (ADC_SAR_ISR)
.\CortexM0\ARM_GCC_541\Debug\Firmware_V0.1.a(Counter.o)
                              .\CortexM0\ARM_GCC_541\Debug\weathersensors.o (Counter_WriteCounter)
.\CortexM0\ARM_GCC_541\Debug\Firmware_V0.1.a(TIMER0_ISR.o)
                              .\CortexM0\ARM_GCC_541\Debug\weathersensors.o (TIMER0_ISR_StartEx)
.\CortexM0\ARM_GCC_541\Debug\Firmware_V0.1.a(CyBootAsmGnu.o)
                              .\CortexM0\ARM_GCC_541\Debug\EEPROM.o (CyDelayCycles)
.\CortexM0\ARM_GCC_541\Debug\Firmware_V0.1.a(CyFlash.o)
                              .\CortexM0\ARM_GCC_541\Debug\Firmware_V0.1.a(CyLib.o) (CySysFlashSetWaitCycles)
.\CortexM0\ARM_GCC_541\Debug\Firmware_V0.1.a(I2C_I2C_INT.o)
                              .\CortexM0\ARM_GCC_541\Debug\Firmware_V0.1.a(I2C_I2C.o) (I2C_I2C_ISR)
.\CortexM0\ARM_GCC_541\Debug\Firmware_V0.1.a(UART_SPI_UART.o)
                              .\CortexM0\ARM_GCC_541\Debug\Firmware_V0.1.a(UART_UART.o) (UART_SpiUartReadRxData)
c:/program files (x86)/cypress/psoc creator/4.1/psoc creator/import/gnu/arm/5.4.1/bin/../lib/gcc/arm-none-eabi/5.4.1/armv6-m\libgcc.a(_udivsi3.o)
                              .\CortexM0\ARM_GCC_541\Debug\temp_bme280.o (__aeabi_uidiv)
c:/program files (x86)/cypress/psoc creator/4.1/psoc creator/import/gnu/arm/5.4.1/bin/../lib/gcc/arm-none-eabi/5.4.1/armv6-m\libgcc.a(_divsi3.o)
                              .\CortexM0\ARM_GCC_541\Debug\temp_bme280.o (__aeabi_idiv)
c:/program files (x86)/cypress/psoc creator/4.1/psoc creator/import/gnu/arm/5.4.1/bin/../lib/gcc/arm-none-eabi/5.4.1/armv6-m\libgcc.a(_dvmd_tls.o)
                              c:/program files (x86)/cypress/psoc creator/4.1/psoc creator/import/gnu/arm/5.4.1/bin/../lib/gcc/arm-none-eabi/5.4.1/armv6-m\libgcc.a(_udivsi3.o) (__aeabi_idiv0)
c:/program files (x86)/cypress/psoc creator/4.1/psoc creator/import/gnu/arm/5.4.1/bin/../lib/gcc/arm-none-eabi/5.4.1/armv6-m\libgcc.a(_aeabi_ldivmod.o)
                              .\CortexM0\ARM_GCC_541\Debug\bme280.o (__aeabi_ldivmod)
c:/program files (x86)/cypress/psoc creator/4.1/psoc creator/import/gnu/arm/5.4.1/bin/../lib/gcc/arm-none-eabi/5.4.1/armv6-m\libgcc.a(_aeabi_uldivmod.o)
                              .\CortexM0\ARM_GCC_541\Debug\Firmware_V0.1.a(RTC.o) (__aeabi_uldivmod)
c:/program files (x86)/cypress/psoc creator/4.1/psoc creator/import/gnu/arm/5.4.1/bin/../lib/gcc/arm-none-eabi/5.4.1/armv6-m\libgcc.a(_muldi3.o)
                              .\CortexM0\ARM_GCC_541\Debug\bme280.o (__aeabi_lmul)
c:/program files (x86)/cypress/psoc creator/4.1/psoc creator/import/gnu/arm/5.4.1/bin/../lib/gcc/arm-none-eabi/5.4.1/armv6-m\libgcc.a(_udivmoddi4.o)
                              c:/program files (x86)/cypress/psoc creator/4.1/psoc creator/import/gnu/arm/5.4.1/bin/../lib/gcc/arm-none-eabi/5.4.1/armv6-m\libgcc.a(_aeabi_uldivmod.o) (__udivmoddi4)
c:/program files (x86)/cypress/psoc creator/4.1/psoc creator/import/gnu/arm/5.4.1/bin/../lib/gcc/arm-none-eabi/5.4.1/armv6-m\libgcc.a(bpabi.o)
[...]
Memory Configuration

Name             Origin             Length             Attributes
rom              0x00000000         0x00020000         xr
ram              0x20000000         0x00004000         xrw
*default*        0x00000000         0xffffffff

Linker script and memory map

LOAD c:/program files (x86)/cypress/psoc creator/4.1/psoc creator/import/gnu/arm/5.4.1/bin/../lib/gcc/arm-none-eabi/5.4.1/armv6-m/crti.o
LOAD c:/program files (x86)/cypress/psoc creator/4.1/psoc creator/import/gnu/arm/5.4.1/bin/../lib/gcc/arm-none-eabi/5.4.1/armv6-m/crtbegin.o
LOAD c:/program files (x86)/cypress/psoc creator/4.1/psoc creator/import/gnu/arm/5.4.1/bin/../lib/gcc/arm-none-eabi/5.4.1/../../../../arm-none-eabi/lib/armv6-m/crt0.o
START GROUP
LOAD .\CortexM0\ARM_GCC_541\Debug\main.o
LOAD .\CortexM0\ARM_GCC_541\Debug\bme280.o
LOAD .\CortexM0\ARM_GCC_541\Debug\EEPROM.o
LOAD .\CortexM0\ARM_GCC_541\Debug\temp_bme280.o
LOAD .\CortexM0\ARM_GCC_541\Debug\weathersensors.o
LOAD .\CortexM0\ARM_GCC_541\Debug\cyfitter_cfg.o
LOAD .\CortexM0\ARM_GCC_541\Debug\cymetadata.o
LOAD .\CortexM0\ARM_GCC_541\Debug\Cm0Start.o
LOAD .\CortexM0\ARM_GCC_541\Debug\Firmware_V0.1.a
LOAD C:\Program Files (x86)\Cypress\PSoC Creator\4.1\PSoC Creator\psoc\content\cycomponentlibrary\CyComponentLibrary.cylib\CortexM0\ARM_GCC_541\Debug\CyComponentLibrary.a
END GROUP
START GROUP
LOAD c:/program files (x86)/cypress/psoc creator/4.1/psoc creator/import/gnu/arm/5.4.1/bin/../lib/gcc/arm-none-eabi/5.4.1/armv6-m\libgcc.a
LOAD c:/program files (x86)/cypress/psoc creator/4.1/psoc creator/import/gnu/arm/5.4.1/bin/../lib/gcc/arm-none-eabi/5.4.1/../../../../arm-none-eabi/lib/armv6-m\libg_nano.a
LOAD c:/program files (x86)/cypress/psoc creator/4.1/psoc creator/import/gnu/arm/5.4.1/bin/../lib/gcc/arm-none-eabi/5.4.1/../../../../arm-none-eabi/lib/armv6-m\libc_nano.a
END GROUP
START GROUP
LOAD c:/program files (x86)/cypress/psoc creator/4.1/psoc creator/import/gnu/arm/5.4.1/bin/../lib/gcc/arm-none-eabi/5.4.1/armv6-m\libgcc.a
LOAD c:/program files (x86)/cypress/psoc creator/4.1/psoc creator/import/gnu/arm/5.4.1/bin/../lib/gcc/arm-none-eabi/5.4.1/../../../../arm-none-eabi/lib/armv6-m\libc_nano.a
END GROUP
LOAD c:/program files (x86)/cypress/psoc creator/4.1/psoc creator/import/gnu/arm/5.4.1/bin/../lib/gcc/arm-none-eabi/5.4.1/armv6-m/crtend.o
LOAD c:/program files (x86)/cypress/psoc creator/4.1/psoc creator/import/gnu/arm/5.4.1/bin/../lib/gcc/arm-none-eabi/5.4.1/armv6-m/crtn.o
START GROUP
LOAD c:/program files (x86)/cypress/psoc creator/4.1/psoc creator/import/gnu/arm/5.4.1/bin/../lib/gcc/arm-none-eabi/5.4.1/armv6-m\libgcc.a
LOAD c:/program files (x86)/cypress/psoc creator/4.1/psoc creator/import/gnu/arm/5.4.1/bin/../lib/gcc/arm-none-eabi/5.4.1/../../../../arm-none-eabi/lib/armv6-m\libc.a
LOAD c:/program files (x86)/cypress/psoc creator/4.1/psoc creator/import/gnu/arm/5.4.1/bin/../lib/gcc/arm-none-eabi/5.4.1/../../../../arm-none-eabi/lib/armv6-m\libnosys.a
END GROUP
                0x00000000                CY_APPL_ORIGIN = 0x0
                0x00000100                CY_FLASH_ROW_SIZE = 0x100
                0x00000001                CY_APPL_NUM = 0x1
                0x00000001                CY_APPL_MAX = 0x1
                0x00000040                CY_METADATA_SIZE = 0x40
                0x00000000                CY_APPL_LOADABLE = 0x0
                0x00000000                CY_CHECKSUM_EXCLUDE_SIZE = ALIGN (0x0, CY_FLASH_ROW_SIZE)
                0x00000000                CY_APP_FOR_STACK_AND_COPIER = 0x0
                [!provide]                PROVIDE (__cy_heap_start, _end)
                0x00000001                PROVIDE (__cy_region_num, ((__cy_regions_end - __cy_regions) / 0x10))
                0x20004000                PROVIDE (__cy_stack, (ORIGIN (ram) + LENGTH (ram)))
                [!provide]                PROVIDE (__cy_heap_end, (__cy_stack - 0x800))

.cybootloader   0x00000000        0x0
 *(.cybootloader)
                0x00000000                appl1_start = CY_APPL_ORIGIN?CY_APPL_ORIGIN:ALIGN (CY_FLASH_ROW_SIZE)
                0x0000ff00                appl2_start = (appl1_start + ALIGN ((((LENGTH (rom) - appl1_start) - (0x2 * CY_FLASH_ROW_SIZE)) / 0x2), CY_FLASH_ROW_SIZE))
                0x00000000                appl_start = (CY_APPL_NUM == 0x1)?appl1_start:appl2_start
                0x00000001                cy_project_type_bootloader = (appl_start == 0x0)?0x1:0x0
                0x00000000                cy_project_type_app_for_stack_and_copier = (CY_APP_FOR_STACK_AND_COPIER == 0x1)?0x1:0x0

.text           0x00000000     0x3eae
 CREATE_OBJECT_SYMBOLS
                0x00000000                PROVIDE (__cy_interrupt_vector, RomVectors)
 *(.romvectors)
 .romvectors    0x00000000       0x10 .\CortexM0\ARM_GCC_541\Debug\Cm0Start.o
                0x00000000                RomVectors
                0x00000001                ASSERT ((. != __cy_interrupt_vector), No interrupt vector)
                0x00000001                ASSERT (CY_APPL_ORIGIN?(SIZEOF (.cybootloader) <= CY_APPL_ORIGIN):0x1, Wrong image location)
                0x00000010                PROVIDE (__cy_reset, Reset)
 *(.text.Reset)
 .text.Reset    0x00000010        0x8 .\CortexM0\ARM_GCC_541\Debug\Cm0Start.o
                0x00000010                Reset
                0x00000001                ASSERT ((. != __cy_reset), No reset code)
 *(.psocinit)
 .psocinit      0x00000018      0x42c .\CortexM0\ARM_GCC_541\Debug\cyfitter_cfg.o
                0x00000234                cyfitter_cfg
                0x00000444                . = MAX (., 0x100)
 *(.text .text.* .gnu.linkonce.t.*)
 .text          0x00000444       0x60 c:/program files (x86)/cypress/psoc creator/4.1/psoc creator/import/gnu/arm/5.4.1/bin/../lib/gcc/arm-none-eabi/5.4.1/armv6-m/crtbegin.o
 .text.main     0x000004a4       0xb4 .\CortexM0\ARM_GCC_541\Debug\main.o
                0x000004a4                main
 .text.interleave_reg_addr
                0x00000558       0x1c .\CortexM0\ARM_GCC_541\Debug\bme280.o
 .text.parse_temp_press_calib_data
                0x00000574       0x80 .\CortexM0\ARM_GCC_541\Debug\bme280.o
 .text.parse_humidity_calib_data
                0x000005f4       0x3c .\CortexM0\ARM_GCC_541\Debug\bme280.o
 .text.null_ptr_check
                0x00000630       0x34 .\CortexM0\ARM_GCC_541\Debug\bme280.o
 .text.bme280_get_regs
                0x00000664       0x3c .\CortexM0\ARM_GCC_541\Debug\bme280.o
                0x00000664                bme280_get_regs
 .text.get_calib_data
                0x000006a0       0x48 .\CortexM0\ARM_GCC_541\Debug\bme280.o
 .text.bme280_set_regs
                0x000006e8       0xac .\CortexM0\ARM_GCC_541\Debug\bme280.o
                0x000006e8                bme280_set_regs
 .text.bme280_soft_reset
                0x00000794       0x38 .\CortexM0\ARM_GCC_541\Debug\bme280.o
                0x00000794                bme280_soft_reset
 .text.bme280_init
                0x000007cc       0x68 .\CortexM0\ARM_GCC_541\Debug\bme280.o
                0x000007cc                bme280_init
 .text.EEPROM_ReadBuffer
                0x00000834       0xf0 .\CortexM0\ARM_GCC_541\Debug\EEPROM.o
                0x00000834                EEPROM_ReadBuffer
 .text.BME_SpiRead
                0x00000924       0xa4 .\CortexM0\ARM_GCC_541\Debug\temp_bme280.o
                0x00000924                BME_SpiRead
 .text.BME_SpiWrite
                0x000009c8       0x28 .\CortexM0\ARM_GCC_541\Debug\temp_bme280.o
                0x000009c8                BME_SpiWrite
 .text.BME280_setup
                0x000009f0       0x3c .\CortexM0\ARM_GCC_541\Debug\temp_bme280.o
                0x000009f0                BME280_setup
 .text.Counter_ISR
                0x00000a2c       0x40 .\CortexM0\ARM_GCC_541\Debug\weathersensors.o
                0x00000a2c                Counter_ISR
 .text.lookupWindVane
                0x00000a6c       0x30 .\CortexM0\ARM_GCC_541\Debug\weathersensors.o
                0x00000a6c                lookupWindVane
 .text.WEATHER_Setup
                0x00000a9c       0x1c .\CortexM0\ARM_GCC_541\Debug\weathersensors.o
                0x00000a9c                WEATHER_Setup
 .text.WEATHER_getWindDirection
                0x00000ab8       0x40 .\CortexM0\ARM_GCC_541\Debug\weathersensors.o
                0x00000ab8                WEATHER_getWindDirection
 .text.WEATHER_getWindSpeed
                0x00000af8       0x30 .\CortexM0\ARM_GCC_541\Debug\weathersensors.o
                0x00000af8                WEATHER_getWindSpeed
 .text.CyClockStartupError
                0x00000b28        0x4 .\CortexM0\ARM_GCC_541\Debug\cyfitter_cfg.o
 .text.cfg_write_bytes32
                0x00000b2c       0x34 .\CortexM0\ARM_GCC_541\Debug\cyfitter_cfg.o
 .text.CYMEMZERO
                0x00000b60        0xc .\CortexM0\ARM_GCC_541\Debug\cyfitter_cfg.o
 .text.CYCONFIGCPYCODE
                0x00000b6c        0x8 .\CortexM0\ARM_GCC_541\Debug\cyfitter_cfg.o
 .text.SetAnalogRoutingPumps
                0x00000b74       0x20 .\CortexM0\ARM_GCC_541\Debug\cyfitter_cfg.o
                0x00000b74                SetAnalogRoutingPumps
 .text.AnalogSetDefault
                0x00000b94       0x50 .\CortexM0\ARM_GCC_541\Debug\cyfitter_cfg.o
 .text.IntDefaultHandler
                0x00000be4       0x10 .\CortexM0\ARM_GCC_541\Debug\Cm0Start.o
                0x00000be4                IntDefaultHandler
 .text._sbrk    0x00000bf4       0x30 .\CortexM0\ARM_GCC_541\Debug\Cm0Start.o
                0x00000bf4                _sbrk
 .text.Start_c  0x00000c24       0x48 .\CortexM0\ARM_GCC_541\Debug\Cm0Start.o
                0x00000c24                Start_c
 .text.initialize_psoc
                0x00000c6c       0x4c .\CortexM0\ARM_GCC_541\Debug\Cm0Start.o
                0x00000c6c                initialize_psoc
 .text.CySysClkImoDisableWcoLock
                0x00000cb8       0x14 .\CortexM0\ARM_GCC_541\Debug\Firmware_V0.1.a(CyLib.o)
                0x00000cb8                CySysClkImoDisableWcoLock
 .text.CySysClkImoGetWcoLock
                0x00000ccc       0x14 .\CortexM0\ARM_GCC_541\Debug\Firmware_V0.1.a(CyLib.o)
                0x00000ccc                CySysClkImoGetWcoLock
 .text.CySysClkImoEnableUsbLock
                0x00000ce0       0x3c .\CortexM0\ARM_GCC_541\Debug\Firmware_V0.1.a(CyLib.o)
                0x00000ce0                CySysClkImoEnableUsbLock
 .text.CySysClkImoDisableUsbLock
                0x00000d1c       0x28 .\CortexM0\ARM_GCC_541\Debug\Firmware_V0.1.a(CyLib.o)
                0x00000d1c                CySysClkImoDisableUsbLock
 .text.CySysClkImoGetUsbLock
                0x00000d44       0x14 .\CortexM0\ARM_GCC_541\Debug\Firmware_V0.1.a(CyLib.o)
                0x00000d44                CySysClkImoGetUsbLock
 .text.CySysClkEcoReadStatus
                0x00000d58       0x14 .\CortexM0\ARM_GCC_541\Debug\Firmware_V0.1.a(CyLib.o)
                0x00000d58                CySysClkEcoReadStatus
 .text.CyIntEnable
                0x00000d6c       0x14 .\CortexM0\ARM_GCC_541\Debug\Firmware_V0.1.a(CyLib.o)
                0x00000d6c                CyIntEnable
 .text.CyIntDisable
                0x00000d80       0x14 .\CortexM0\ARM_GCC_541\Debug\Firmware_V0.1.a(CyLib.o)
                0x00000d80                CyIntDisable
 .text.CyHalt   0x00000d94        0x4 .\CortexM0\ARM_GCC_541\Debug\Firmware_V0.1.a(CyLib.o)
                0x00000d94                CyHalt
 .text.CyIntSetVector
                0x00000d98       0x24 .\CortexM0\ARM_GCC_541\Debug\Firmware_V0.1.a(CyLib.o)
                0x00000d98                CyIntSetVector
 .text.CyIntSetPriority
                0x00000dbc       0x4c .\CortexM0\ARM_GCC_541\Debug\Firmware_V0.1.a(CyLib.o)
                0x00000dbc                CyIntSetPriority
 .text.CyDelay  0x00000e08       0x30 .\CortexM0\ARM_GCC_541\Debug\Firmware_V0.1.a(CyLib.o)
                0x00000e08                CyDelay
 .text.CySysClkImoEnableWcoLock
                0x00000e38       0xfc .\CortexM0\ARM_GCC_541\Debug\Firmware_V0.1.a(CyLib.o)
                0x00000e38                CySysClkImoEnableWcoLock
 .text.CyDelayUs
                0x00000f34       0x14 .\CortexM0\ARM_GCC_541\Debug\Firmware_V0.1.a(CyLib.o)
                0x00000f34                CyDelayUs
 .text.CySysClkWriteImoFreq
                0x00000f48      0x1e0 .\CortexM0\ARM_GCC_541\Debug\Firmware_V0.1.a(CyLib.o)
                0x00000f48                CySysClkWriteImoFreq
 .text.CySysClkEcoStart
                0x00001128       0x48 .\CortexM0\ARM_GCC_541\Debug\Firmware_V0.1.a(CyLib.o)
                0x00001128                CySysClkEcoStart
 .text.CySysWdtLocked
                0x00001170       0x14 .\CortexM0\ARM_GCC_541\Debug\Firmware_V0.1.a(CyLFClk.o)
 .text.CySysClkWcoStart
                0x00001184       0x40 .\CortexM0\ARM_GCC_541\Debug\Firmware_V0.1.a(CyLFClk.o)
                0x00001184                CySysClkWcoStart
 .text.CySysClkWcoEnabled
                0x000011c4       0x14 .\CortexM0\ARM_GCC_541\Debug\Firmware_V0.1.a(CyLFClk.o)
                0x000011c4                CySysClkWcoEnabled
 .text.CySysWdtLock
                0x000011d8       0x1c .\CortexM0\ARM_GCC_541\Debug\Firmware_V0.1.a(CyLFClk.o)
                0x000011d8                CySysWdtLock
 .text.CySysWdtUnlock
                0x000011f4       0x30 .\CortexM0\ARM_GCC_541\Debug\Firmware_V0.1.a(CyLFClk.o)
                0x000011f4                CySysWdtUnlock
 .text.CySysWdtClearInterrupt
                0x00001224       0x4c .\CortexM0\ARM_GCC_541\Debug\Firmware_V0.1.a(CyLFClk.o)
                0x00001224                CySysWdtClearInterrupt
 .text.CySysWdtSetInterruptCallback
                0x00001270       0x20 .\CortexM0\ARM_GCC_541\Debug\Firmware_V0.1.a(CyLFClk.o)
                0x00001270                CySysWdtSetInterruptCallback
 .text.CySysWdtIsr
                0x00001290       0xa4 .\CortexM0\ARM_GCC_541\Debug\Firmware_V0.1.a(CyLFClk.o)
                0x00001290                CySysWdtIsr
 .text.I2C_ScbEnableIntr
                0x00001334        0xc .\CortexM0\ARM_GCC_541\Debug\Firmware_V0.1.a(I2C.o)
 .text.I2C_Init
                0x00001340        0x8 .\CortexM0\ARM_GCC_541\Debug\Firmware_V0.1.a(I2C.o)
                0x00001340                I2C_Init
 .text.I2C_Enable
                0x00001348       0x18 .\CortexM0\ARM_GCC_541\Debug\Firmware_V0.1.a(I2C.o)
                0x00001348                I2C_Enable
 .text.I2C_Start
                0x00001360       0x20 .\CortexM0\ARM_GCC_541\Debug\Firmware_V0.1.a(I2C.o)
                0x00001360                I2C_Start
 .text.I2C_I2CInit
                0x00001380       0xc0 .\CortexM0\ARM_GCC_541\Debug\Firmware_V0.1.a(I2C_I2C.o)
                0x00001380                I2C_I2CInit
 .text.I2C_I2CMasterSendStart
                0x00001440       0xd8 .\CortexM0\ARM_GCC_541\Debug\Firmware_V0.1.a(I2C_I2C_MASTER.o)
                0x00001440                I2C_I2CMasterSendStart
 .text.I2C_I2CMasterSendStop
                0x00001518       0x8c .\CortexM0\ARM_GCC_541\Debug\Firmware_V0.1.a(I2C_I2C_MASTER.o)
                0x00001518                I2C_I2CMasterSendStop
 .text.I2C_I2CMasterWriteByte
                0x000015a4       0x98 .\CortexM0\ARM_GCC_541\Debug\Firmware_V0.1.a(I2C_I2C_MASTER.o)
                0x000015a4                I2C_I2CMasterWriteByte
 .text.I2C_I2CMasterReadByte
                0x0000163c       0x84 .\CortexM0\ARM_GCC_541\Debug\Firmware_V0.1.a(I2C_I2C_MASTER.o)
                0x0000163c                I2C_I2CMasterReadByte
 .text.I2C_I2CMasterClearReadBuf
                0x000016c0       0x28 .\CortexM0\ARM_GCC_541\Debug\Firmware_V0.1.a(I2C_I2C_MASTER.o)
                0x000016c0                I2C_I2CMasterClearReadBuf
 .text.I2C_I2CReStartGeneration
                0x000016e8       0x20 .\CortexM0\ARM_GCC_541\Debug\Firmware_V0.1.a(I2C_I2C_MASTER.o)
                0x000016e8                I2C_I2CReStartGeneration
 .text.I2C_I2CMasterSendRestart
                0x00001708       0xc4 .\CortexM0\ARM_GCC_541\Debug\Firmware_V0.1.a(I2C_I2C_MASTER.o)
                0x00001708                I2C_I2CMasterSendRestart
 .text.UART_ScbModePostEnable
                0x000017cc        0x8 .\CortexM0\ARM_GCC_541\Debug\Firmware_V0.1.a(UART.o)
 .text.UART_Init
                0x000017d4        0x8 .\CortexM0\ARM_GCC_541\Debug\Firmware_V0.1.a(UART.o)
                0x000017d4                UART_Init
 .text.UART_Enable
                0x000017dc       0x18 .\CortexM0\ARM_GCC_541\Debug\Firmware_V0.1.a(UART.o)
                0x000017dc                UART_Enable
 .text.UART_Start
                0x000017f4       0x20 .\CortexM0\ARM_GCC_541\Debug\Firmware_V0.1.a(UART.o)
                0x000017f4                UART_Start
 .text.UART_UartInit
                0x00001814       0xa4 .\CortexM0\ARM_GCC_541\Debug\Firmware_V0.1.a(UART_UART.o)
                0x00001814                UART_UartInit
 .text.UART_UartPostEnable
                0x000018b8       0x24 .\CortexM0\ARM_GCC_541\Debug\Firmware_V0.1.a(UART_UART.o)
                0x000018b8                UART_UartPostEnable
 .text.UART_UartPutString
                0x000018dc       0x18 .\CortexM0\ARM_GCC_541\Debug\Firmware_V0.1.a(UART_UART.o)
                0x000018dc                UART_UartPutString
 .text.SPIM_EnableTxInt
                0x000018f4        0xc .\CortexM0\ARM_GCC_541\Debug\Firmware_V0.1.a(SPIM.o)
                0x000018f4                SPIM_EnableTxInt
 .text.SPIM_EnableRxInt
                0x00001900        0xc .\CortexM0\ARM_GCC_541\Debug\Firmware_V0.1.a(SPIM.o)
                0x00001900                SPIM_EnableRxInt
 .text.SPIM_Enable
                0x0000190c       0x44 .\CortexM0\ARM_GCC_541\Debug\Firmware_V0.1.a(SPIM.o)
                0x0000190c                SPIM_Enable
 .text.SPIM_DisableTxInt
                0x00001950        0xc .\CortexM0\ARM_GCC_541\Debug\Firmware_V0.1.a(SPIM.o)
                0x00001950                SPIM_DisableTxInt
 .text.SPIM_DisableRxInt
                0x0000195c        0xc .\CortexM0\ARM_GCC_541\Debug\Firmware_V0.1.a(SPIM.o)
                0x0000195c                SPIM_DisableRxInt
 .text.SPIM_ReadTxStatus
                0x00001968       0x28 .\CortexM0\ARM_GCC_541\Debug\Firmware_V0.1.a(SPIM.o)
                0x00001968                SPIM_ReadTxStatus
 .text.SPIM_ReadRxStatus
                0x00001990       0x28 .\CortexM0\ARM_GCC_541\Debug\Firmware_V0.1.a(SPIM.o)
                0x00001990                SPIM_ReadRxStatus
 .text.SPIM_WriteTxData
                0x000019b8       0xd4 .\CortexM0\ARM_GCC_541\Debug\Firmware_V0.1.a(SPIM.o)
                0x000019b8                SPIM_WriteTxData
 .text.SPIM_ReadRxData
                0x00001a8c       0x64 .\CortexM0\ARM_GCC_541\Debug\Firmware_V0.1.a(SPIM.o)
                0x00001a8c                SPIM_ReadRxData
 .text.SPIM_GetRxBufferSize
                0x00001af0       0x58 .\CortexM0\ARM_GCC_541\Debug\Firmware_V0.1.a(SPIM.o)
                0x00001af0                SPIM_GetRxBufferSize
 .text.SPIM_GetTxBufferSize
                0x00001b48       0x58 .\CortexM0\ARM_GCC_541\Debug\Firmware_V0.1.a(SPIM.o)
                0x00001b48                SPIM_GetTxBufferSize
 .text.SPIM_ClearRxBuffer
                0x00001ba0       0x3c .\CortexM0\ARM_GCC_541\Debug\Firmware_V0.1.a(SPIM.o)
                0x00001ba0                SPIM_ClearRxBuffer
 .text.SPIM_ClearTxBuffer
                0x00001bdc       0x54 .\CortexM0\ARM_GCC_541\Debug\Firmware_V0.1.a(SPIM.o)
                0x00001bdc                SPIM_ClearTxBuffer
 .text.SPIM_ClearFIFO
                0x00001c30       0x3c .\CortexM0\ARM_GCC_541\Debug\Firmware_V0.1.a(SPIM.o)
                0x00001c30                SPIM_ClearFIFO
 .text.SPIM_Init
                0x00001c6c       0x94 .\CortexM0\ARM_GCC_541\Debug\Firmware_V0.1.a(SPIM.o)
                0x00001c6c                SPIM_Init
 .text.SPIM_Start
                0x00001d00       0x20 .\CortexM0\ARM_GCC_541\Debug\Firmware_V0.1.a(SPIM.o)
                0x00001d00                SPIM_Start
 .text.SPIM_TX_ISR
                0x00001d20       0x9c .\CortexM0\ARM_GCC_541\Debug\Firmware_V0.1.a(SPIM_INT.o)
                0x00001d20                SPIM_TX_ISR
 .text.SPIM_RX_ISR
                0x00001dbc       0xa0 .\CortexM0\ARM_GCC_541\Debug\Firmware_V0.1.a(SPIM_INT.o)
                0x00001dbc                SPIM_RX_ISR
 .text.RTC_DateTimeToUnix
                0x00001e5c      0x1b4 .\CortexM0\ARM_GCC_541\Debug\Firmware_V0.1.a(RTC.o)
                0x00001e5c                RTC_DateTimeToUnix
 .text.RTC_DaysInMonth
                0x00002010       0x48 .\CortexM0\ARM_GCC_541\Debug\Firmware_V0.1.a(RTC.o)
                0x00002010                RTC_DaysInMonth
 .text.RTC_UnixToDateTime
                0x00002058      0x2ac .\CortexM0\ARM_GCC_541\Debug\Firmware_V0.1.a(RTC.o)
                0x00002058                RTC_UnixToDateTime
 .text.RTC_RelativeToFixed
                0x00002304      0x118 .\CortexM0\ARM_GCC_541\Debug\Firmware_V0.1.a(RTC.o)
                0x00002304                RTC_RelativeToFixed
 .text.RTC_GetDstUnixTime
                0x0000241c       0xfc .\CortexM0\ARM_GCC_541\Debug\Firmware_V0.1.a(RTC.o)
                0x0000241c                RTC_GetDstUnixTime
 .text.RTC_SetDateAndTime
                0x00002518      0x144 .\CortexM0\ARM_GCC_541\Debug\Firmware_V0.1.a(RTC.o)
                0x00002518                RTC_SetDateAndTime
 .text.RTC_SetDSTStartTime
                0x0000265c       0x7c .\CortexM0\ARM_GCC_541\Debug\Firmware_V0.1.a(RTC.o)
                0x0000265c                RTC_SetDSTStartTime
 .text.RTC_SetDSTStopTime
                0x000026d8       0x7c .\CortexM0\ARM_GCC_541\Debug\Firmware_V0.1.a(RTC.o)
                0x000026d8                RTC_SetDSTStopTime
 .text.RTC_Init
                0x00002754       0xe8 .\CortexM0\ARM_GCC_541\Debug\Firmware_V0.1.a(RTC.o)
                0x00002754                RTC_Init
 .text.RTC_Start
                0x0000283c       0x20 .\CortexM0\ARM_GCC_541\Debug\Firmware_V0.1.a(RTC.o)
                0x0000283c                RTC_Start
 .text.RTC_Update
                0x0000285c       0x9c .\CortexM0\ARM_GCC_541\Debug\Firmware_V0.1.a(RTC.o)
                0x0000285c                RTC_Update
 .text.ADC_SAR_Init
                0x000028f8      0x184 .\CortexM0\ARM_GCC_541\Debug\Firmware_V0.1.a(ADC_SAR.o)
                0x000028f8                ADC_SAR_Init
 .text.ADC_SAR_Enable
                0x00002a7c       0x30 .\CortexM0\ARM_GCC_541\Debug\Firmware_V0.1.a(ADC_SAR.o)
                0x00002a7c                ADC_SAR_Enable
 .text.ADC_SAR_Start
                0x00002aac       0x20 .\CortexM0\ARM_GCC_541\Debug\Firmware_V0.1.a(ADC_SAR.o)
                0x00002aac                ADC_SAR_Start
 .text.ADC_SAR_StartConvert
                0x00002acc       0x14 .\CortexM0\ARM_GCC_541\Debug\Firmware_V0.1.a(ADC_SAR.o)
                0x00002acc                ADC_SAR_StartConvert
 .text.ADC_SAR_IsEndConversion
                0x00002ae0       0x28 .\CortexM0\ARM_GCC_541\Debug\Firmware_V0.1.a(ADC_SAR.o)
                0x00002ae0                ADC_SAR_IsEndConversion
 .text.ADC_SAR_GetResult16
                0x00002b08       0x2c .\CortexM0\ARM_GCC_541\Debug\Firmware_V0.1.a(ADC_SAR.o)
                0x00002b08                ADC_SAR_GetResult16
 .text.ADC_SAR_CountsTo_mVolts
                0x00002b34       0x5c .\CortexM0\ARM_GCC_541\Debug\Firmware_V0.1.a(ADC_SAR.o)
                0x00002b34                ADC_SAR_CountsTo_mVolts
 .text.ADC_SAR_ISR
                0x00002b90        0xc .\CortexM0\ARM_GCC_541\Debug\Firmware_V0.1.a(ADC_SAR_INT.o)
                0x00002b90                ADC_SAR_ISR
 .text.Counter_WriteCounter
                0x00002b9c       0x10 .\CortexM0\ARM_GCC_541\Debug\Firmware_V0.1.a(Counter.o)
                0x00002b9c                Counter_WriteCounter
 .text.Counter_WritePeriod
                0x00002bac       0x10 .\CortexM0\ARM_GCC_541\Debug\Firmware_V0.1.a(Counter.o)
                0x00002bac                Counter_WritePeriod
 .text.Counter_ReadCapture
                0x00002bbc       0x10 .\CortexM0\ARM_GCC_541\Debug\Firmware_V0.1.a(Counter.o)
                0x00002bbc                Counter_ReadCapture
 .text.Counter_TriggerCommand
                0x00002bcc       0x1c .\CortexM0\ARM_GCC_541\Debug\Firmware_V0.1.a(Counter.o)
                0x00002bcc                Counter_TriggerCommand
 .text.Counter_Enable
                0x00002be8       0x24 .\CortexM0\ARM_GCC_541\Debug\Firmware_V0.1.a(Counter.o)
                0x00002be8                Counter_Enable
 .text.Counter_SetInterruptMode
                0x00002c0c        0xc .\CortexM0\ARM_GCC_541\Debug\Firmware_V0.1.a(Counter.o)
                0x00002c0c                Counter_SetInterruptMode
 .text.Counter_Init
                0x00002c18       0x30 .\CortexM0\ARM_GCC_541\Debug\Firmware_V0.1.a(Counter.o)
                0x00002c18                Counter_Init
 .text.Counter_Start
                0x00002c48       0x20 .\CortexM0\ARM_GCC_541\Debug\Firmware_V0.1.a(Counter.o)
                0x00002c48                Counter_Start
 .text.Counter_GetInterruptSource
                0x00002c68        0xc .\CortexM0\ARM_GCC_541\Debug\Firmware_V0.1.a(Counter.o)
                0x00002c68                Counter_GetInterruptSource
 .text.Counter_ClearInterrupt
                0x00002c74        0xc .\CortexM0\ARM_GCC_541\Debug\Firmware_V0.1.a(Counter.o)
                0x00002c74                Counter_ClearInterrupt
 .text.TIMER0_ISR_SetVector
                0x00002c80        0xc .\CortexM0\ARM_GCC_541\Debug\Firmware_V0.1.a(TIMER0_ISR.o)
                0x00002c80                TIMER0_ISR_SetVector
 .text.TIMER0_ISR_SetPriority
                0x00002c8c       0x20 .\CortexM0\ARM_GCC_541\Debug\Firmware_V0.1.a(TIMER0_ISR.o)
                0x00002c8c                TIMER0_ISR_SetPriority
 .text.TIMER0_ISR_Enable
                0x00002cac       0x10 .\CortexM0\ARM_GCC_541\Debug\Firmware_V0.1.a(TIMER0_ISR.o)
                0x00002cac                TIMER0_ISR_Enable
 .text.TIMER0_ISR_Disable
                0x00002cbc       0x10 .\CortexM0\ARM_GCC_541\Debug\Firmware_V0.1.a(TIMER0_ISR.o)
                0x00002cbc                TIMER0_ISR_Disable
 .text.TIMER0_ISR_StartEx
                0x00002ccc       0x1c .\CortexM0\ARM_GCC_541\Debug\Firmware_V0.1.a(TIMER0_ISR.o)
                0x00002ccc                TIMER0_ISR_StartEx
 .text          0x00002ce8       0x20 .\CortexM0\ARM_GCC_541\Debug\Firmware_V0.1.a(CyBootAsmGnu.o)
                0x00002ce8                CyDelayCycles
                0x00002cfa                CyEnterCriticalSection
                0x00002d02                CyExitCriticalSection
 .text.CySysFlashSetWaitCycles
                0x00002d08       0x54 .\CortexM0\ARM_GCC_541\Debug\Firmware_V0.1.a(CyFlash.o)
                0x00002d08                CySysFlashSetWaitCycles
 .text.I2C_I2C_ISR
                0x00002d5c      0x374 .\CortexM0\ARM_GCC_541\Debug\Firmware_V0.1.a(I2C_I2C_INT.o)
                0x00002d5c                I2C_I2C_ISR
 .text.UART_SpiUartWriteTxData
                0x000030d0       0x1c .\CortexM0\ARM_GCC_541\Debug\Firmware_V0.1.a(UART_SPI_UART.o)
                0x000030d0                UART_SpiUartWriteTxData
 .text          0x000030ec      0x114 c:/program files (x86)/cypress/psoc creator/4.1/psoc creator/import/gnu/arm/5.4.1/bin/../lib/gcc/arm-none-eabi/5.4.1/armv6-m\libgcc.a(_udivsi3.o)
                0x000030ec                __aeabi_uidiv
                0x000030ec                __udivsi3
                0x000031f8                __aeabi_uidivmod
 .text          0x00003200      0x1d4 c:/program files (x86)/cypress/psoc creator/4.1/psoc creator/import/gnu/arm/5.4.1/bin/../lib/gcc/arm-none-eabi/5.4.1/armv6-m\libgcc.a(_divsi3.o)
                0x00003200                __divsi3
                0x00003200                __aeabi_idiv
                0x000033cc                __aeabi_idivmod
 .text          0x000033d4        0x4 c:/program files (x86)/cypress/psoc creator/4.1/psoc creator/import/gnu/arm/5.4.1/bin/../lib/gcc/arm-none-eabi/5.4.1/armv6-m\libgcc.a(_dvmd_tls.o)
                0x000033d4                __aeabi_idiv0
                0x000033d4                __aeabi_ldiv0
 .text          0x000033d8       0x40 c:/program files (x86)/cypress/psoc creator/4.1/psoc creator/import/gnu/arm/5.4.1/bin/../lib/gcc/arm-none-eabi/5.4.1/armv6-m\libgcc.a(_aeabi_uldivmod.o)
                0x000033d8                __aeabi_uldivmod
 .text          0x00003418      0x180 c:/program files (x86)/cypress/psoc creator/4.1/psoc creator/import/gnu/arm/5.4.1/bin/../lib/gcc/arm-none-eabi/5.4.1/armv6-m\libgcc.a(_udivmoddi4.o)
                0x00003418                __udivmoddi4
 .text          0x00003598       0x3c c:/program files (x86)/cypress/psoc creator/4.1/psoc creator/import/gnu/arm/5.4.1/bin/../lib/gcc/arm-none-eabi/5.4.1/armv6-m\libgcc.a(_clzsi2.o)
                0x00003598                __clzsi2
 .text          0x000035d4       0x18 c:/program files (x86)/cypress/psoc creator/4.1/psoc creator/import/gnu/arm/5.4.1/bin/../lib/gcc/arm-none-eabi/5.4.1/armv6-m\libgcc.a(_clzdi2.o)
                0x000035d4                __clzdi2
 .text.__errno  0x000035ec        0xc c:/program files (x86)/cypress/psoc creator/4.1/psoc creator/import/gnu/arm/5.4.1/bin/../lib/gcc/arm-none-eabi/5.4.1/../../../../arm-none-eabi/lib/armv6-m\libg_nano.a(lib_a-errno.o)
                0x000035ec                __errno
 .text.__libc_init_array
                0x000035f8       0x4c c:/program files (x86)/cypress/psoc creator/4.1/psoc creator/import/gnu/arm/5.4.1/bin/../lib/gcc/arm-none-eabi/5.4.1/../../../../arm-none-eabi/lib/armv6-m\libg_nano.a(lib_a-init.o)
                0x000035f8                __libc_init_array
 .text.memcpy   0x00003644       0x12 c:/program files (x86)/cypress/psoc creator/4.1/psoc creator/import/gnu/arm/5.4.1/bin/../lib/gcc/arm-none-eabi/5.4.1/../../../../arm-none-eabi/lib/armv6-m\libg_nano.a(lib_a-memcpy-stub.o)
                0x00003644                memcpy
 .text.memset   0x00003656       0x10 c:/program files (x86)/cypress/psoc creator/4.1/psoc creator/import/gnu/arm/5.4.1/bin/../lib/gcc/arm-none-eabi/5.4.1/../../../../arm-none-eabi/lib/armv6-m\libg_nano.a(lib_a-memset.o)
                0x00003656                memset
 *fill*         0x00003666        0x2 
 .text.sprintf  0x00003668       0x44 c:/program files (x86)/cypress/psoc creator/4.1/psoc creator/import/gnu/arm/5.4.1/bin/../lib/gcc/arm-none-eabi/5.4.1/../../../../arm-none-eabi/lib/armv6-m\libg_nano.a(lib_a-sprintf.o)
                0x00003668                siprintf
                0x00003668                sprintf
 .text.__ssputs_r
                0x000036ac       0xc4 c:/program files (x86)/cypress/psoc creator/4.1/psoc creator/import/gnu/arm/5.4.1/bin/../lib/gcc/arm-none-eabi/5.4.1/../../../../arm-none-eabi/lib/armv6-m\libg_nano.a(lib_a-nano-svfprintf.o)
                0x000036ac                __ssputs_r
 .text._svfprintf_r
                0x00003770      0x1fc c:/program files (x86)/cypress/psoc creator/4.1/psoc creator/import/gnu/arm/5.4.1/bin/../lib/gcc/arm-none-eabi/5.4.1/../../../../arm-none-eabi/lib/armv6-m\libg_nano.a(lib_a-nano-svfprintf.o)
                0x00003770                _svfiprintf_r
                0x00003770                _svfprintf_r
 .text._printf_common
                0x0000396c       0xdc c:/program files (x86)/cypress/psoc creator/4.1/psoc creator/import/gnu/arm/5.4.1/bin/../lib/gcc/arm-none-eabi/5.4.1/../../../../arm-none-eabi/lib/armv6-m\libg_nano.a(lib_a-nano-vfprintf_i.o)
                0x0000396c                _printf_common
 .text._printf_i
                0x00003a48      0x244 c:/program files (x86)/cypress/psoc creator/4.1/psoc creator/import/gnu/arm/5.4.1/bin/../lib/gcc/arm-none-eabi/5.4.1/../../../../arm-none-eabi/lib/armv6-m\libg_nano.a(lib_a-nano-vfprintf_i.o)
                0x00003a48                _printf_i
 .text.memchr   0x00003c8c       0x16 c:/program files (x86)/cypress/psoc creator/4.1/psoc creator/import/gnu/arm/5.4.1/bin/../lib/gcc/arm-none-eabi/5.4.1/../../../../arm-none-eabi/lib/armv6-m\libg_nano.a(lib_a-memchr-stub.o)
                0x00003c8c                memchr
 .text.memmove  0x00003ca2       0x2a c:/program files (x86)/cypress/psoc creator/4.1/psoc creator/import/gnu/arm/5.4.1/bin/../lib/gcc/arm-none-eabi/5.4.1/../../../../arm-none-eabi/lib/armv6-m\libg_nano.a(lib_a-memmove.o)
                0x00003ca2                memmove
 .text._free_r  0x00003ccc       0x98 c:/program files (x86)/cypress/psoc creator/4.1/psoc creator/import/gnu/arm/5.4.1/bin/../lib/gcc/arm-none-eabi/5.4.1/../../../../arm-none-eabi/lib/armv6-m\libg_nano.a(lib_a-nano-freer.o)
                0x00003ccc                _free_r
 .text._malloc_r
                0x00003d64       0xc0 c:/program files (x86)/cypress/psoc creator/4.1/psoc creator/import/gnu/arm/5.4.1/bin/../lib/gcc/arm-none-eabi/5.4.1/../../../../arm-none-eabi/lib/armv6-m\libg_nano.a(lib_a-nano-mallocr.o)
                0x00003d64                _malloc_r
 .text._realloc_r
                0x00003e24       0x4c c:/program files (x86)/cypress/psoc creator/4.1/psoc creator/import/gnu/arm/5.4.1/bin/../lib/gcc/arm-none-eabi/5.4.1/../../../../arm-none-eabi/lib/armv6-m\libg_nano.a(lib_a-nano-reallocr.o)
                0x00003e24                _realloc_r
 .text._sbrk_r  0x00003e70       0x24 c:/program files (x86)/cypress/psoc creator/4.1/psoc creator/import/gnu/arm/5.4.1/bin/../lib/gcc/arm-none-eabi/5.4.1/../../../../arm-none-eabi/lib/armv6-m\libg_nano.a(lib_a-sbrkr.o)
                0x00003e70                _sbrk_r
 .text.__malloc_lock
                0x00003e94        0x2 c:/program files (x86)/cypress/psoc creator/4.1/psoc creator/import/gnu/arm/5.4.1/bin/../lib/gcc/arm-none-eabi/5.4.1/../../../../arm-none-eabi/lib/armv6-m\libg_nano.a(lib_a-mlock.o)
                0x00003e94                __malloc_lock
 .text.__malloc_unlock
                0x00003e96        0x2 c:/program files (x86)/cypress/psoc creator/4.1/psoc creator/import/gnu/arm/5.4.1/bin/../lib/gcc/arm-none-eabi/5.4.1/../../../../arm-none-eabi/lib/armv6-m\libg_nano.a(lib_a-mlock.o)
                0x00003e96                __malloc_unlock
 .text._malloc_usable_size_r
                0x00003e98       0x16 c:/program files (x86)/cypress/psoc creator/4.1/psoc creator/import/gnu/arm/5.4.1/bin/../lib/gcc/arm-none-eabi/5.4.1/../../../../arm-none-eabi/lib/armv6-m\libg_nano.a(lib_a-nano-msizer.o)
                0x00003e98                _malloc_usable_size_r
 *(.plt)
 *(.gnu.warning)
 *(.glue_7t)
 .glue_7t       0x00003eae        0x0 linker stubs
 *(.glue_7)
 .glue_7        0x00003eae        0x0 linker stubs
 *(.vfp11_veneer)
 .vfp11_veneer  0x00003eae        0x0 linker stubs
 *(.bootloader)
 *(.ARM.extab* .gnu.linkonce.armextab.*)
 *(.gcc_except_table)

.v4_bx          0x00003eb0        0x0
 .v4_bx         0x00003eb0        0x0 linker stubs

.iplt           0x00003eb0        0x0
 .iplt          0x00003eb0        0x0 c:/program files (x86)/cypress/psoc creator/4.1/psoc creator/import/gnu/arm/5.4.1/bin/../lib/gcc/arm-none-eabi/5.4.1/armv6-m/crtbegin.o

.eh_frame_hdr
 *(.eh_frame_hdr)

.eh_frame       0x00003eb0        0x4
 *(.eh_frame)
 .eh_frame      0x00003eb0        0x0 c:/program files (x86)/cypress/psoc creator/4.1/psoc creator/import/gnu/arm/5.4.1/bin/../lib/gcc/arm-none-eabi/5.4.1/armv6-m/crtbegin.o
 .eh_frame      0x00003eb0        0x4 c:/program files (x86)/cypress/psoc creator/4.1/psoc creator/import/gnu/arm/5.4.1/bin/../lib/gcc/arm-none-eabi/5.4.1/armv6-m/crtend.o
                [!provide]                PROVIDE (__exidx_start, .)

.ARM.exidx      0x00003eb4        0x8
 *(.ARM.exidx* .gnu.linkonce.armexidx.*)
 .ARM.exidx     0x00003eb4        0x8 c:/program files (x86)/cypress/psoc creator/4.1/psoc creator/import/gnu/arm/5.4.1/bin/../lib/gcc/arm-none-eabi/5.4.1/armv6-m\libgcc.a(_udivmoddi4.o)
                0x00003ebc                __exidx_end = .

.rodata         0x00003ebc      0x53c
 *(.rodata .rodata.* .gnu.linkonce.r.*)
 .rodata        0x00003ebc       0x24 .\CortexM0\ARM_GCC_541\Debug\main.o
 .rodata.str1.4
                0x00003ee0      0x118 .\CortexM0\ARM_GCC_541\Debug\main.o
 .rodata.str1.4
                0x00003ff8        0x8 .\CortexM0\ARM_GCC_541\Debug\weathersensors.o
                                  0x5 (size before relaxing)
 .rodata        0x00004000      0x314 .\CortexM0\ARM_GCC_541\Debug\cyfitter_cfg.o
 .rodata        0x00004314       0x47 .\CortexM0\ARM_GCC_541\Debug\Firmware_V0.1.a(CyLib.o)
                0x00004314                cyImoFreqMhz2Reg
                0x00004344                cyImoFreqMhz2DpllOffset
 *fill*         0x0000435b        0x1 
 .rodata        0x0000435c       0x24 .\CortexM0\ARM_GCC_541\Debug\Firmware_V0.1.a(RTC.o)
                0x0000435c                RTC_daysBeforeMonthTbl
                0x00004374                RTC_daysInMonthTbl
 .rodata        0x00004380        0xa .\CortexM0\ARM_GCC_541\Debug\Firmware_V0.1.a(ADC_SAR.o)
 .rodata.str1.1
                0x0000438a        0x2 c:/program files (x86)/cypress/psoc creator/4.1/psoc creator/import/gnu/arm/5.4.1/bin/../lib/gcc/arm-none-eabi/5.4.1/../../../../arm-none-eabi/lib/armv6-m\libg_nano.a(lib_a-impure.o)
 .rodata.str1.1
                0x0000438c       0x11 c:/program files (x86)/cypress/psoc creator/4.1/psoc creator/import/gnu/arm/5.4.1/bin/../lib/gcc/arm-none-eabi/5.4.1/../../../../arm-none-eabi/lib/armv6-m\libg_nano.a(lib_a-nano-svfprintf.o)
 .rodata.str1.1
                0x0000439d       0x22 c:/program files (x86)/cypress/psoc creator/4.1/psoc creator/import/gnu/arm/5.4.1/bin/../lib/gcc/arm-none-eabi/5.4.1/../../../../arm-none-eabi/lib/armv6-m\libg_nano.a(lib_a-nano-vfprintf_i.o)
                0x000043c0                . = ALIGN (0x4)
 *fill*         0x000043bf        0x1 
 *(.init)
 .init          0x000043c0        0x4 c:/program files (x86)/cypress/psoc creator/4.1/psoc creator/import/gnu/arm/5.4.1/bin/../lib/gcc/arm-none-eabi/5.4.1/armv6-m/crti.o
                0x000043c0                _init
 .init          0x000043c4        0x8 c:/program files (x86)/cypress/psoc creator/4.1/psoc creator/import/gnu/arm/5.4.1/bin/../lib/gcc/arm-none-eabi/5.4.1/armv6-m/crtn.o
                0x000043cc                . = ALIGN (0x4)
                0x000043cc                __preinit_array_start = .
 *(.preinit_array)
                0x000043cc                __preinit_array_end = .
                0x000043cc                . = ALIGN (0x4)
                0x000043cc                __init_array_start = .
 *(SORT(.init_array.*))
 *(.init_array)
 .init_array    0x000043cc        0x4 c:/program files (x86)/cypress/psoc creator/4.1/psoc creator/import/gnu/arm/5.4.1/bin/../lib/gcc/arm-none-eabi/5.4.1/armv6-m/crtbegin.o
 .init_array    0x000043d0        0x4 .\CortexM0\ARM_GCC_541\Debug\Cm0Start.o
                0x000043d4                __init_array_end = .
                0x000043d4                . = ALIGN (0x4)
 *(.fini)
 .fini          0x000043d4        0x4 c:/program files (x86)/cypress/psoc creator/4.1/psoc creator/import/gnu/arm/5.4.1/bin/../lib/gcc/arm-none-eabi/5.4.1/armv6-m/crti.o
                0x000043d4                _fini
 .fini          0x000043d8        0x8 c:/program files (x86)/cypress/psoc creator/4.1/psoc creator/import/gnu/arm/5.4.1/bin/../lib/gcc/arm-none-eabi/5.4.1/armv6-m/crtn.o
                0x000043e0                . = ALIGN (0x4)
                0x000043e0                __fini_array_start = .
 *(.fini_array)
 .fini_array    0x000043e0        0x4 c:/program files (x86)/cypress/psoc creator/4.1/psoc creator/import/gnu/arm/5.4.1/bin/../lib/gcc/arm-none-eabi/5.4.1/armv6-m/crtbegin.o
 *(SORT(.fini_array.*))
                0x000043e4                __fini_array_end = .
                0x000043e4                . = ALIGN (0x4)
 *crtbegin.o(.ctors)
 *(EXCLUDE_FILE(*crtend.o) .ctors)
 *(SORT(.ctors.*))
 *crtend.o(.ctors)
                0x000043e4                . = ALIGN (0x4)
 *crtbegin.o(.dtors)
 *(EXCLUDE_FILE(*crtend.o) .dtors)
 *(SORT(.dtors.*))
 *crtend.o(.dtors)
                0x000043e4                . = ALIGN (0x4)
                0x000043e4                __cy_regions = .
                0x000043e4        0x4 LONG 0x43f8 __cy_region_init_ram
                0x000043e8        0x4 LONG 0x200000c0 __cy_region_start_data
                0x000043ec        0x4 LONG 0x98 __cy_region_init_size_ram
                0x000043f0        0x4 LONG 0x1c0 __cy_region_zero_size_ram
                0x000043f4                __cy_regions_end = .
                0x000043f8                . = ALIGN (0x8)
 *fill*         0x000043f4        0x4 
                0x000043f8                _etext = .

.cy_checksum_exclude
                0x000043f8        0x0
 *(.cy_checksum_exclude)

.ramvectors     0x20000000       0xc0
                0x20000000                __cy_region_start_ram = .
 *(.ramvectors)
 .ramvectors    0x20000000       0xc0 .\CortexM0\ARM_GCC_541\Debug\Cm0Start.o
                0x20000000                CyRamVectors

.noinit
 *(.noinit)

.data           0x200000c0       0x98 load address 0x000043f8
                0x200000c0                __cy_region_start_data = .
 *(.jcr)
 .jcr           0x200000c0        0x0 c:/program files (x86)/cypress/psoc creator/4.1/psoc creator/import/gnu/arm/5.4.1/bin/../lib/gcc/arm-none-eabi/5.4.1/armv6-m/crtbegin.o
 .jcr           0x200000c0        0x4 c:/program files (x86)/cypress/psoc creator/4.1/psoc creator/import/gnu/arm/5.4.1/bin/../lib/gcc/arm-none-eabi/5.4.1/armv6-m/crtend.o
 *(.got.plt)
 *(.got)
 *(.shdata)
 *(.data .data.* .gnu.linkonce.d.*)
 .data          0x200000c4       0x10 .\CortexM0\ARM_GCC_541\Debug\weathersensors.o
                0x200000c4                wind_vane_lut
 .data          0x200000d4        0x4 .\CortexM0\ARM_GCC_541\Debug\Cm0Start.o
 .data          0x200000d8       0x14 .\CortexM0\ARM_GCC_541\Debug\Firmware_V0.1.a(CyLib.o)
                0x200000d8                CySysClkPumpConfig
                0x200000dc                cydelay32kMs
                0x200000e0                cydelayFreqKhz
                0x200000e4                cydelayFreqMhz
                0x200000e8                cydelayFreqHz
 .data          0x200000ec        0x8 .\CortexM0\ARM_GCC_541\Debug\Firmware_V0.1.a(CyLFClk.o)
 .data.impure_data
                0x200000f4       0x60 c:/program files (x86)/cypress/psoc creator/4.1/psoc creator/import/gnu/arm/5.4.1/bin/../lib/gcc/arm-none-eabi/5.4.1/../../../../arm-none-eabi/lib/armv6-m\libg_nano.a(lib_a-impure.o)
 .data._impure_ptr
                0x20000154        0x4 c:/program files (x86)/cypress/psoc creator/4.1/psoc creator/import/gnu/arm/5.4.1/bin/../lib/gcc/arm-none-eabi/5.4.1/../../../../arm-none-eabi/lib/armv6-m\libg_nano.a(lib_a-impure.o)
                0x20000154                _impure_ptr
                0x20000158                . = ALIGN (0x8)
 *(.ram)
                0x20000158                _edata = .

.igot.plt       0x20000158        0x0 load address 0x00004490
 .igot.plt      0x20000158        0x0 c:/program files (x86)/cypress/psoc creator/4.1/psoc creator/import/gnu/arm/5.4.1/bin/../lib/gcc/arm-none-eabi/5.4.1/armv6-m/crtbegin.o

.bss            0x20000158      0x1c0 load address 0x00004490
                0x20000158                PROVIDE (__bss_start__, .)
 *(.shbss)
 *(.bss .bss.* .gnu.linkonce.b.*)
 .bss           0x20000158       0x1c c:/program files (x86)/cypress/psoc creator/4.1/psoc creator/import/gnu/arm/5.4.1/bin/../lib/gcc/arm-none-eabi/5.4.1/armv6-m/crtbegin.o
 .bss           0x20000174        0x3 .\CortexM0\ARM_GCC_541\Debug\temp_bme280.o
                0x20000176                rslt
 *fill*         0x20000177        0x1 
 .bss           0x20000178        0x8 .\CortexM0\ARM_GCC_541\Debug\weathersensors.o
                0x20000178                counter_overflowCount
                0x2000017c                capturedCount
                0x2000017e                CC_ISR_flag
                0x2000017f                olddirection
 .bss           0x20000180       0x1c .\CortexM0\ARM_GCC_541\Debug\Firmware_V0.1.a(CyLib.o)
                0x20000180                CySysClkImoTrim4
                0x20000198                CySysTickInitVar
 .bss           0x2000019c       0x28 .\CortexM0\ARM_GCC_541\Debug\Firmware_V0.1.a(CyLFClk.o)
 .bss           0x200001c4        0x8 .\CortexM0\ARM_GCC_541\Debug\Firmware_V0.1.a(I2C.o)
                0x200001c4                I2C_initVar
                0x200001c8                I2C_customIntrHandler
 .bss           0x200001cc        0x4 .\CortexM0\ARM_GCC_541\Debug\Firmware_V0.1.a(UART.o)
                0x200001cc                UART_initVar
                0x200001ce                UART_IntrTxMask
 .bss           0x200001d0        0x1 .\CortexM0\ARM_GCC_541\Debug\Firmware_V0.1.a(SPIM.o)
                0x200001d0                SPIM_initVar
 *fill*         0x200001d1        0x7 
 .bss           0x200001d8       0x24 .\CortexM0\ARM_GCC_541\Debug\Firmware_V0.1.a(RTC.o)
 .bss           0x200001fc        0x1 .\CortexM0\ARM_GCC_541\Debug\Firmware_V0.1.a(ADC_SAR.o)
                0x200001fc                ADC_SAR_initVar
 .bss           0x200001fd        0x1 .\CortexM0\ARM_GCC_541\Debug\Firmware_V0.1.a(Counter.o)
                0x200001fd                Counter_initVar
 *fill*         0x200001fe        0x2 
 .bss.__malloc_sbrk_start
                0x20000200        0x4 c:/program files (x86)/cypress/psoc creator/4.1/psoc creator/import/gnu/arm/5.4.1/bin/../lib/gcc/arm-none-eabi/5.4.1/../../../../arm-none-eabi/lib/armv6-m\libg_nano.a(lib_a-nano-mallocr.o)
                0x20000200                __malloc_sbrk_start
 .bss.__malloc_free_list
                0x20000204        0x4 c:/program files (x86)/cypress/psoc creator/4.1/psoc creator/import/gnu/arm/5.4.1/bin/../lib/gcc/arm-none-eabi/5.4.1/../../../../arm-none-eabi/lib/armv6-m\libg_nano.a(lib_a-nano-mallocr.o)
                0x20000204                __malloc_free_list
 *(COMMON)
 COMMON         0x20000208       0x40 .\CortexM0\ARM_GCC_541\Debug\temp_bme280.o
                0x20000208                dev
 COMMON         0x20000248        0x1 .\CortexM0\ARM_GCC_541\Debug\Firmware_V0.1.a(I2C_I2C.o)
                0x20000248                I2C_state
 *fill*         0x20000249        0x3 
 COMMON         0x2000024c       0x24 .\CortexM0\ARM_GCC_541\Debug\Firmware_V0.1.a(I2C_I2C_MASTER.o)
                0x2000024c                I2C_mstrWrBufIndexTmp
                0x20000250                I2C_mstrWrBufIndex
                0x20000254                I2C_mstrWrBufSize
                0x20000258                I2C_mstrStatus
                0x2000025c                I2C_mstrRdBufPtr
                0x20000260                I2C_mstrControl
                0x20000264                I2C_mstrRdBufSize
                0x20000268                I2C_mstrRdBufIndex
                0x2000026c                I2C_mstrWrBufPtr
 COMMON         0x20000270       0x3c .\CortexM0\ARM_GCC_541\Debug\Firmware_V0.1.a(SPIM.o)
                0x20000270                SPIM_rxBufferFull
                0x20000274                SPIM_txBuffer
                0x20000284                SPIM_swStatusTx
                0x20000288                SPIM_rxBuffer
                0x200002a6                SPIM_txBufferFull
                0x200002a7                SPIM_txBufferRead
                0x200002a8                SPIM_rxBufferWrite
                0x200002a9                SPIM_txBufferWrite
                0x200002aa                SPIM_rxBufferRead
                0x200002ab                SPIM_swStatusRx
 *fill*         0x200002ac        0x4 
 COMMON         0x200002b0       0x58 .\CortexM0\ARM_GCC_541\Debug\Firmware_V0.1.a(RTC.o)
                0x200002b0                RTC_dstStartTime
                0x200002c8                RTC_initVar
                0x200002cc                RTC_dstStopTime
                0x200002e4                RTC_currentTimeDate
                0x200002f4                RTC_alarmCurStatus
                0x200002f8                RTC_dstStatus
                0x20000300                RTC_unixTime
 COMMON         0x20000308        0xc .\CortexM0\ARM_GCC_541\Debug\Firmware_V0.1.a(ADC_SAR.o)
                0x20000308                ADC_SAR_countsPer10Volt
                0x20000310                ADC_SAR_offset
 COMMON         0x20000314        0x4 c:/program files (x86)/cypress/psoc creator/4.1/psoc creator/import/gnu/arm/5.4.1/bin/../lib/gcc/arm-none-eabi/5.4.1/../../../../arm-none-eabi/lib/armv6-m\libg_nano.a(lib_a-reent.o)
                0x20000314                errno
                0x20000318                . = ALIGN (0x8)
 *(.ram.b)
                0x20000318                _end = .
                0x20000318                __end = .
                0x20000318                PROVIDE (end, .)
                0x20000318                PROVIDE (__bss_end__, .)
                0x000043f8                __cy_region_init_ram = LOADADDR (.data)
                0x00000098                __cy_region_init_size_ram = (_edata - ADDR (.data))
                0x000001c0                __cy_region_zero_size_ram = (_end - _edata)

.heap           0x20000318       0x80 load address 0x00004490
                0x20000318                . = _end
                0x20000398                . = (. + 0x80)
 *fill*         0x20000318       0x80 
                0x20000398                __cy_heap_limit = .

.stack          0x20003800      0x800
                0x20003800                __cy_stack_limit = .
                0x20004000                . = (. + 0x800)
 *fill*         0x20003800      0x800 
                0x00000001                ASSERT ((__cy_stack_limit >= __cy_heap_limit), region RAM overflowed with stack)
                0x00000000                cy_checksum_exclude_size = (CY_APPL_LOADABLE == 0x1)?SIZEOF (.cy_checksum_exclude):0x0
                0x00000001                ASSERT ((cy_checksum_exclude_size <= CY_CHECKSUM_EXCLUDE_SIZE), CY_BOOT: Section .cy_checksum_exclude size exceedes specified limit.)
                0x0001ffc0                cyloadermeta_start = (cy_project_type_bootloader || cy_project_type_app_for_stack_and_copier)?(LENGTH (rom) - CY_METADATA_SIZE):0xf0000000

.cyloadermeta
 *(.cyloadermeta)
                0x0001ffc0                cyloadablemeta_start = cy_project_type_app_for_stack_and_copier?((LENGTH (rom) - CY_FLASH_ROW_SIZE) - CY_METADATA_SIZE):((LENGTH (rom) - (CY_FLASH_ROW_SIZE * (CY_APPL_NUM - 0x1))) - CY_METADATA_SIZE)

.cyloadablemeta
 *(.cyloadablemeta)

.cyflashprotect
                0x90400000       0x40
 *(.cyflashprotect)
 .cyflashprotect
                0x90400000       0x40 .\CortexM0\ARM_GCC_541\Debug\cymetadata.o
                0x90400000                cy_meta_flashprotect

.cymeta         0x90500000        0xc
 *(.cymeta)
 .cymeta        0x90500000        0xc .\CortexM0\ARM_GCC_541\Debug\cymetadata.o
                0x90500000                cy_metadata

.cychipprotect  0x90600000        0x1
 *(.cychipprotect)
 .cychipprotect
                0x90600000        0x1 .\CortexM0\ARM_GCC_541\Debug\cymetadata.o
                0x90600000                cy_meta_chipprotect

.rel.dyn        0x00004490        0x0 load address 0x90600004
 .rel.iplt      0x00004490        0x0 c:/program files (x86)/cypress/psoc creator/4.1/psoc creator/import/gnu/arm/5.4.1/bin/../lib/gcc/arm-none-eabi/5.4.1/armv6-m/crtbegin.o

.stab
 *(.stab)

.stabstr
 *(.stabstr)

.debug
 *(.debug)

.line
 *(.line)

.debug_srcinfo
 *(.debug_srcinfo)

.debug_sfnames
 *(.debug_sfnames)

.debug_aranges  0x00000000      0xe38
 *(.debug_aranges)
 .debug_aranges
                0x00000000       0x20 .\CortexM0\ARM_GCC_541\Debug\main.o
 .debug_aranges
                0x00000020      0x118 .\CortexM0\ARM_GCC_541\Debug\bme280.o
 .debug_aranges
                0x00000138       0x48 .\CortexM0\ARM_GCC_541\Debug\EEPROM.o
 .debug_aranges
                0x00000180       0x48 .\CortexM0\ARM_GCC_541\Debug\temp_bme280.o
 .debug_aranges
                0x000001c8       0x40 .\CortexM0\ARM_GCC_541\Debug\weathersensors.o
 .debug_aranges
                0x00000208       0x58 .\CortexM0\ARM_GCC_541\Debug\cyfitter_cfg.o
 .debug_aranges
                0x00000260       0x18 .\CortexM0\ARM_GCC_541\Debug\cymetadata.o
 .debug_aranges
                0x00000278       0x48 .\CortexM0\ARM_GCC_541\Debug\Cm0Start.o
 .debug_aranges
                0x000002c0      0x260 .\CortexM0\ARM_GCC_541\Debug\Firmware_V0.1.a(CyLib.o)
 .debug_aranges
                0x00000520      0x188 .\CortexM0\ARM_GCC_541\Debug\Firmware_V0.1.a(CyLFClk.o)
 .debug_aranges
                0x000006a8       0x60 .\CortexM0\ARM_GCC_541\Debug\Firmware_V0.1.a(I2C.o)
 .debug_aranges
                0x00000708       0x28 .\CortexM0\ARM_GCC_541\Debug\Firmware_V0.1.a(I2C_I2C.o)
 .debug_aranges
                0x00000730       0x88 .\CortexM0\ARM_GCC_541\Debug\Firmware_V0.1.a(I2C_I2C_MASTER.o)
 .debug_aranges
                0x000007b8       0x58 .\CortexM0\ARM_GCC_541\Debug\Firmware_V0.1.a(UART.o)
 .debug_aranges
                0x00000810       0x88 .\CortexM0\ARM_GCC_541\Debug\Firmware_V0.1.a(UART_UART.o)
 .debug_aranges
                0x00000898       0x48 .\CortexM0\ARM_GCC_541\Debug\Firmware_V0.1.a(EEPROM_WC.o)
 .debug_aranges
                0x000008e0       0xd8 .\CortexM0\ARM_GCC_541\Debug\Firmware_V0.1.a(SPIM.o)
 .debug_aranges
                0x000009b8       0x28 .\CortexM0\ARM_GCC_541\Debug\Firmware_V0.1.a(SPIM_INT.o)
 .debug_aranges
                0x000009e0       0xd8 .\CortexM0\ARM_GCC_541\Debug\Firmware_V0.1.a(RTC.o)
 .debug_aranges
                0x00000ab8       0xa8 .\CortexM0\ARM_GCC_541\Debug\Firmware_V0.1.a(ADC_SAR.o)
 .debug_aranges
                0x00000b60       0x20 .\CortexM0\ARM_GCC_541\Debug\Firmware_V0.1.a(ADC_SAR_INT.o)
 .debug_aranges
                0x00000b80      0x158 .\CortexM0\ARM_GCC_541\Debug\Firmware_V0.1.a(Counter.o)
 .debug_aranges
                0x00000cd8       0x80 .\CortexM0\ARM_GCC_541\Debug\Firmware_V0.1.a(TIMER0_ISR.o)
 .debug_aranges
                0x00000d58       0x20 .\CortexM0\ARM_GCC_541\Debug\Firmware_V0.1.a(CyBootAsmGnu.o)
 .debug_aranges
                0x00000d78       0x40 .\CortexM0\ARM_GCC_541\Debug\Firmware_V0.1.a(CyFlash.o)
 .debug_aranges
                0x00000db8       0x20 .\CortexM0\ARM_GCC_541\Debug\Firmware_V0.1.a(I2C_I2C_INT.o)
 .debug_aranges
                0x00000dd8       0x60 .\CortexM0\ARM_GCC_541\Debug\Firmware_V0.1.a(UART_SPI_UART.o)

.debug_pubnames
 *(.debug_pubnames)

.debug_info     0x00000000     0xac58
 *(.debug_info .gnu.linkonce.wi.*)
 .debug_info    0x00000000      0x453 .\CortexM0\ARM_GCC_541\Debug\main.o
 .debug_info    0x00000453     0x1754 .\CortexM0\ARM_GCC_541\Debug\bme280.o
 .debug_info    0x00001ba7      0x820 .\CortexM0\ARM_GCC_541\Debug\EEPROM.o
 .debug_info    0x000023c7      0x959 .\CortexM0\ARM_GCC_541\Debug\temp_bme280.o
 .debug_info    0x00002d20      0x411 .\CortexM0\ARM_GCC_541\Debug\weathersensors.o
 .debug_info    0x00003131      0x685 .\CortexM0\ARM_GCC_541\Debug\cyfitter_cfg.o
 .debug_info    0x000037b6       0xf8 .\CortexM0\ARM_GCC_541\Debug\cymetadata.o
 .debug_info    0x000038ae      0x39c .\CortexM0\ARM_GCC_541\Debug\Cm0Start.o
 .debug_info    0x00003c4a     0x173b .\CortexM0\ARM_GCC_541\Debug\Firmware_V0.1.a(CyLib.o)
 .debug_info    0x00005385     0x1058 .\CortexM0\ARM_GCC_541\Debug\Firmware_V0.1.a(CyLFClk.o)
 .debug_info    0x000063dd      0x298 .\CortexM0\ARM_GCC_541\Debug\Firmware_V0.1.a(I2C.o)
 .debug_info    0x00006675      0x183 .\CortexM0\ARM_GCC_541\Debug\Firmware_V0.1.a(I2C_I2C.o)
 .debug_info    0x000067f8      0x5a2 .\CortexM0\ARM_GCC_541\Debug\Firmware_V0.1.a(I2C_I2C_MASTER.o)
 .debug_info    0x00006d9a      0x23a .\CortexM0\ARM_GCC_541\Debug\Firmware_V0.1.a(UART.o)
 .debug_info    0x00006fd4      0x36e .\CortexM0\ARM_GCC_541\Debug\Firmware_V0.1.a(UART_UART.o)
 .debug_info    0x00007342      0x19d .\CortexM0\ARM_GCC_541\Debug\Firmware_V0.1.a(EEPROM_WC.o)
 .debug_info    0x000074df      0x760 .\CortexM0\ARM_GCC_541\Debug\Firmware_V0.1.a(SPIM.o)
 .debug_info    0x00007c3f      0x19d .\CortexM0\ARM_GCC_541\Debug\Firmware_V0.1.a(SPIM_INT.o)
 .debug_info    0x00007ddc     0x1452 .\CortexM0\ARM_GCC_541\Debug\Firmware_V0.1.a(RTC.o)
 .debug_info    0x0000922e      0x5a5 .\CortexM0\ARM_GCC_541\Debug\Firmware_V0.1.a(ADC_SAR.o)
 .debug_info    0x000097d3       0xcb .\CortexM0\ARM_GCC_541\Debug\Firmware_V0.1.a(ADC_SAR_INT.o)
 .debug_info    0x0000989e      0x8f6 .\CortexM0\ARM_GCC_541\Debug\Firmware_V0.1.a(Counter.o)
 .debug_info    0x0000a194      0x305 .\CortexM0\ARM_GCC_541\Debug\Firmware_V0.1.a(TIMER0_ISR.o)
 .debug_info    0x0000a499       0xb9 .\CortexM0\ARM_GCC_541\Debug\Firmware_V0.1.a(CyBootAsmGnu.o)
 .debug_info    0x0000a552      0x352 .\CortexM0\ARM_GCC_541\Debug\Firmware_V0.1.a(CyFlash.o)
 .debug_info    0x0000a8a4      0x194 .\CortexM0\ARM_GCC_541\Debug\Firmware_V0.1.a(I2C_I2C_INT.o)
 .debug_info    0x0000aa38      0x220 .\CortexM0\ARM_GCC_541\Debug\Firmware_V0.1.a(UART_SPI_UART.o)

.debug_abbrev   0x00000000     0x2470
 *(.debug_abbrev)
 .debug_abbrev  0x00000000      0x174 .\CortexM0\ARM_GCC_541\Debug\main.o
 .debug_abbrev  0x00000174      0x21e .\CortexM0\ARM_GCC_541\Debug\bme280.o
 .debug_abbrev  0x00000392      0x124 .\CortexM0\ARM_GCC_541\Debug\EEPROM.o
 .debug_abbrev  0x000004b6      0x235 .\CortexM0\ARM_GCC_541\Debug\temp_bme280.o
 .debug_abbrev  0x000006eb      0x18c .\CortexM0\ARM_GCC_541\Debug\weathersensors.o
 .debug_abbrev  0x00000877      0x216 .\CortexM0\ARM_GCC_541\Debug\cyfitter_cfg.o
 .debug_abbrev  0x00000a8d       0x5d .\CortexM0\ARM_GCC_541\Debug\cymetadata.o
 .debug_abbrev  0x00000aea      0x1d7 .\CortexM0\ARM_GCC_541\Debug\Cm0Start.o
 .debug_abbrev  0x00000cc1      0x288 .\CortexM0\ARM_GCC_541\Debug\Firmware_V0.1.a(CyLib.o)
 .debug_abbrev  0x00000f49      0x248 .\CortexM0\ARM_GCC_541\Debug\Firmware_V0.1.a(CyLFClk.o)
 .debug_abbrev  0x00001191      0x118 .\CortexM0\ARM_GCC_541\Debug\Firmware_V0.1.a(I2C.o)
 .debug_abbrev  0x000012a9       0xc7 .\CortexM0\ARM_GCC_541\Debug\Firmware_V0.1.a(I2C_I2C.o)
 .debug_abbrev  0x00001370      0x16f .\CortexM0\ARM_GCC_541\Debug\Firmware_V0.1.a(I2C_I2C_MASTER.o)
 .debug_abbrev  0x000014df       0xd5 .\CortexM0\ARM_GCC_541\Debug\Firmware_V0.1.a(UART.o)
 .debug_abbrev  0x000015b4      0x132 .\CortexM0\ARM_GCC_541\Debug\Firmware_V0.1.a(UART_UART.o)
 .debug_abbrev  0x000016e6       0xc8 .\CortexM0\ARM_GCC_541\Debug\Firmware_V0.1.a(EEPROM_WC.o)
 .debug_abbrev  0x000017ae      0x13d .\CortexM0\ARM_GCC_541\Debug\Firmware_V0.1.a(SPIM.o)
 .debug_abbrev  0x000018eb       0x8a .\CortexM0\ARM_GCC_541\Debug\Firmware_V0.1.a(SPIM_INT.o)
 .debug_abbrev  0x00001975      0x2d8 .\CortexM0\ARM_GCC_541\Debug\Firmware_V0.1.a(RTC.o)
 .debug_abbrev  0x00001c4d      0x19e .\CortexM0\ARM_GCC_541\Debug\Firmware_V0.1.a(ADC_SAR.o)
 .debug_abbrev  0x00001deb       0x65 .\CortexM0\ARM_GCC_541\Debug\Firmware_V0.1.a(ADC_SAR_INT.o)
 .debug_abbrev  0x00001e50      0x119 .\CortexM0\ARM_GCC_541\Debug\Firmware_V0.1.a(Counter.o)
 .debug_abbrev  0x00001f69      0x19a .\CortexM0\ARM_GCC_541\Debug\Firmware_V0.1.a(TIMER0_ISR.o)
 .debug_abbrev  0x00002103       0x14 .\CortexM0\ARM_GCC_541\Debug\Firmware_V0.1.a(CyBootAsmGnu.o)
 .debug_abbrev  0x00002117      0x182 .\CortexM0\ARM_GCC_541\Debug\Firmware_V0.1.a(CyFlash.o)
 .debug_abbrev  0x00002299       0x88 .\CortexM0\ARM_GCC_541\Debug\Firmware_V0.1.a(I2C_I2C_INT.o)
 .debug_abbrev  0x00002321      0x14f .\CortexM0\ARM_GCC_541\Debug\Firmware_V0.1.a(UART_SPI_UART.o)

.debug_line     0x00000000     0x3fde
 *(.debug_line)
 .debug_line    0x00000000      0x27b .\CortexM0\ARM_GCC_541\Debug\main.o
 .debug_line    0x0000027b      0x4cd .\CortexM0\ARM_GCC_541\Debug\bme280.o
 .debug_line    0x00000748      0x240 .\CortexM0\ARM_GCC_541\Debug\EEPROM.o
 .debug_line    0x00000988      0x32c .\CortexM0\ARM_GCC_541\Debug\temp_bme280.o
 .debug_line    0x00000cb4      0x295 .\CortexM0\ARM_GCC_541\Debug\weathersensors.o
 .debug_line    0x00000f49      0x23d .\CortexM0\ARM_GCC_541\Debug\cyfitter_cfg.o
 .debug_line    0x00001186      0x141 .\CortexM0\ARM_GCC_541\Debug\cymetadata.o
 .debug_line    0x000012c7      0x236 .\CortexM0\ARM_GCC_541\Debug\Cm0Start.o
 .debug_line    0x000014fd      0x87e .\CortexM0\ARM_GCC_541\Debug\Firmware_V0.1.a(CyLib.o)
 .debug_line    0x00001d7b      0x5d1 .\CortexM0\ARM_GCC_541\Debug\Firmware_V0.1.a(CyLFClk.o)
 .debug_line    0x0000234c      0x124 .\CortexM0\ARM_GCC_541\Debug\Firmware_V0.1.a(I2C.o)
 .debug_line    0x00002470       0xa5 .\CortexM0\ARM_GCC_541\Debug\Firmware_V0.1.a(I2C_I2C.o)
 .debug_line    0x00002515      0x2a1 .\CortexM0\ARM_GCC_541\Debug\Firmware_V0.1.a(I2C_I2C_MASTER.o)
 .debug_line    0x000027b6      0x108 .\CortexM0\ARM_GCC_541\Debug\Firmware_V0.1.a(UART.o)
 .debug_line    0x000028be      0x1ae .\CortexM0\ARM_GCC_541\Debug\Firmware_V0.1.a(UART_UART.o)
 .debug_line    0x00002a6c       0xc1 .\CortexM0\ARM_GCC_541\Debug\Firmware_V0.1.a(EEPROM_WC.o)
 .debug_line    0x00002b2d      0x298 .\CortexM0\ARM_GCC_541\Debug\Firmware_V0.1.a(SPIM.o)
 .debug_line    0x00002dc5       0xa8 .\CortexM0\ARM_GCC_541\Debug\Firmware_V0.1.a(SPIM_INT.o)
 .debug_line    0x00002e6d      0x54f .\CortexM0\ARM_GCC_541\Debug\Firmware_V0.1.a(RTC.o)
 .debug_line    0x000033bc      0x296 .\CortexM0\ARM_GCC_541\Debug\Firmware_V0.1.a(ADC_SAR.o)
 .debug_line    0x00003652       0x66 .\CortexM0\ARM_GCC_541\Debug\Firmware_V0.1.a(ADC_SAR_INT.o)
 .debug_line    0x000036b8      0x37b .\CortexM0\ARM_GCC_541\Debug\Firmware_V0.1.a(Counter.o)
 .debug_line    0x00003a33      0x156 .\CortexM0\ARM_GCC_541\Debug\Firmware_V0.1.a(TIMER0_ISR.o)
 .debug_line    0x00003b89       0x68 .\CortexM0\ARM_GCC_541\Debug\Firmware_V0.1.a(CyBootAsmGnu.o)
 .debug_line    0x00003bf1      0x173 .\CortexM0\ARM_GCC_541\Debug\Firmware_V0.1.a(CyFlash.o)
 .debug_line    0x00003d64      0x160 .\CortexM0\ARM_GCC_541\Debug\Firmware_V0.1.a(I2C_I2C_INT.o)
 .debug_line    0x00003ec4      0x11a .\CortexM0\ARM_GCC_541\Debug\Firmware_V0.1.a(UART_SPI_UART.o)

.debug_frame    0x00000000     0x2b88
 *(.debug_frame)
 .debug_frame   0x00000000       0x30 .\CortexM0\ARM_GCC_541\Debug\main.o
 .debug_frame   0x00000030      0x3ec .\CortexM0\ARM_GCC_541\Debug\bme280.o
 .debug_frame   0x0000041c       0xf8 .\CortexM0\ARM_GCC_541\Debug\EEPROM.o
 .debug_frame   0x00000514       0xc8 .\CortexM0\ARM_GCC_541\Debug\temp_bme280.o
 .debug_frame   0x000005dc       0xa0 .\CortexM0\ARM_GCC_541\Debug\weathersensors.o
 .debug_frame   0x0000067c       0xe4 .\CortexM0\ARM_GCC_541\Debug\cyfitter_cfg.o
 .debug_frame   0x00000760       0xbc .\CortexM0\ARM_GCC_541\Debug\Cm0Start.o
 .debug_frame   0x0000081c      0x6dc .\CortexM0\ARM_GCC_541\Debug\Firmware_V0.1.a(CyLib.o)
 .debug_frame   0x00000ef8      0x4a4 .\CortexM0\ARM_GCC_541\Debug\Firmware_V0.1.a(CyLFClk.o)
 .debug_frame   0x0000139c       0xe8 .\CortexM0\ARM_GCC_541\Debug\Firmware_V0.1.a(I2C.o)
 .debug_frame   0x00001484       0x3c .\CortexM0\ARM_GCC_541\Debug\Firmware_V0.1.a(I2C_I2C.o)
 .debug_frame   0x000014c0      0x16c .\CortexM0\ARM_GCC_541\Debug\Firmware_V0.1.a(I2C_I2C_MASTER.o)
 .debug_frame   0x0000162c       0xd8 .\CortexM0\ARM_GCC_541\Debug\Firmware_V0.1.a(UART.o)
 .debug_frame   0x00001704      0x130 .\CortexM0\ARM_GCC_541\Debug\Firmware_V0.1.a(UART_UART.o)
 .debug_frame   0x00001834       0x70 .\CortexM0\ARM_GCC_541\Debug\Firmware_V0.1.a(EEPROM_WC.o)
 .debug_frame   0x000018a4      0x294 .\CortexM0\ARM_GCC_541\Debug\Firmware_V0.1.a(SPIM.o)
 .debug_frame   0x00001b38       0x30 .\CortexM0\ARM_GCC_541\Debug\Firmware_V0.1.a(SPIM_INT.o)
 .debug_frame   0x00001b68      0x310 .\CortexM0\ARM_GCC_541\Debug\Firmware_V0.1.a(RTC.o)
 .debug_frame   0x00001e78      0x1b0 .\CortexM0\ARM_GCC_541\Debug\Firmware_V0.1.a(ADC_SAR.o)
 .debug_frame   0x00002028       0x20 .\CortexM0\ARM_GCC_541\Debug\Firmware_V0.1.a(ADC_SAR_INT.o)
 .debug_frame   0x00002048      0x3a0 .\CortexM0\ARM_GCC_541\Debug\Firmware_V0.1.a(Counter.o)
 .debug_frame   0x000023e8      0x110 .\CortexM0\ARM_GCC_541\Debug\Firmware_V0.1.a(TIMER0_ISR.o)
 .debug_frame   0x000024f8       0x90 .\CortexM0\ARM_GCC_541\Debug\Firmware_V0.1.a(CyFlash.o)
 .debug_frame   0x00002588       0x2c .\CortexM0\ARM_GCC_541\Debug\Firmware_V0.1.a(I2C_I2C_INT.o)
 .debug_frame   0x000025b4       0xb0 .\CortexM0\ARM_GCC_541\Debug\Firmware_V0.1.a(UART_SPI_UART.o)
 .debug_frame   0x00002664       0x20 c:/program files (x86)/cypress/psoc creator/4.1/psoc creator/import/gnu/arm/5.4.1/bin/../lib/gcc/arm-none-eabi/5.4.1/armv6-m\libgcc.a(_udivsi3.o)
 .debug_frame   0x00002684       0x20 c:/program files (x86)/cypress/psoc creator/4.1/psoc creator/import/gnu/arm/5.4.1/bin/../lib/gcc/arm-none-eabi/5.4.1/armv6-m\libgcc.a(_divsi3.o)
 .debug_frame   0x000026a4       0x34 c:/program files (x86)/cypress/psoc creator/4.1/psoc creator/import/gnu/arm/5.4.1/bin/../lib/gcc/arm-none-eabi/5.4.1/armv6-m\libgcc.a(_muldi3.o)
 .debug_frame   0x000026d8       0x3c c:/program files (x86)/cypress/psoc creator/4.1/psoc creator/import/gnu/arm/5.4.1/bin/../lib/gcc/arm-none-eabi/5.4.1/armv6-m\libgcc.a(_udivmoddi4.o)
 .debug_frame   0x00002714       0x30 c:/program files (x86)/cypress/psoc creator/4.1/psoc creator/import/gnu/arm/5.4.1/bin/../lib/gcc/arm-none-eabi/5.4.1/armv6-m\libgcc.a(bpabi.o)
 .debug_frame   0x00002744       0x3c c:/program files (x86)/cypress/psoc creator/4.1/psoc creator/import/gnu/arm/5.4.1/bin/../lib/gcc/arm-none-eabi/5.4.1/armv6-m\libgcc.a(divsf3.o)
 .debug_frame   0x00002780       0x38 c:/program files (x86)/cypress/psoc creator/4.1/psoc creator/import/gnu/arm/5.4.1/bin/../lib/gcc/arm-none-eabi/5.4.1/armv6-m\libgcc.a(mulsf3.o)
 .debug_frame   0x000027b8       0x2c c:/program files (x86)/cypress/psoc creator/4.1/psoc creator/import/gnu/arm/5.4.1/bin/../lib/gcc/arm-none-eabi/5.4.1/armv6-m\libgcc.a(floatsisf.o)
 .debug_frame   0x000027e4       0x3c c:/program files (x86)/cypress/psoc creator/4.1/psoc creator/import/gnu/arm/5.4.1/bin/../lib/gcc/arm-none-eabi/5.4.1/armv6-m\libgcc.a(_divdi3.o)
 .debug_frame   0x00002820       0x20 c:/program files (x86)/cypress/psoc creator/4.1/psoc creator/import/gnu/arm/5.4.1/bin/../lib/gcc/arm-none-eabi/5.4.1/../../../../arm-none-eabi/lib/armv6-m\libg_nano.a(lib_a-errno.o)
 .debug_frame   0x00002840       0x28 c:/program files (x86)/cypress/psoc creator/4.1/psoc creator/import/gnu/arm/5.4.1/bin/../lib/gcc/arm-none-eabi/5.4.1/../../../../arm-none-eabi/lib/armv6-m\libg_nano.a(lib_a-exit.o)
 .debug_frame   0x00002868       0x2c c:/program files (x86)/cypress/psoc creator/4.1/psoc creator/import/gnu/arm/5.4.1/bin/../lib/gcc/arm-none-eabi/5.4.1/../../../../arm-none-eabi/lib/armv6-m\libg_nano.a(lib_a-init.o)
 .debug_frame   0x00002894       0x28 c:/program files (x86)/cypress/psoc creator/4.1/psoc creator/import/gnu/arm/5.4.1/bin/../lib/gcc/arm-none-eabi/5.4.1/../../../../arm-none-eabi/lib/armv6-m\libg_nano.a(lib_a-memcpy-stub.o)
 .debug_frame   0x000028bc       0x20 c:/program files (x86)/cypress/psoc creator/4.1/psoc creator/import/gnu/arm/5.4.1/bin/../lib/gcc/arm-none-eabi/5.4.1/../../../../arm-none-eabi/lib/armv6-m\libg_nano.a(lib_a-memset.o)
 .debug_frame   0x000028dc       0x50 c:/program files (x86)/cypress/psoc creator/4.1/psoc creator/import/gnu/arm/5.4.1/bin/../lib/gcc/arm-none-eabi/5.4.1/../../../../arm-none-eabi/lib/armv6-m\libg_nano.a(lib_a-sprintf.o)
 .debug_frame   0x0000292c       0x74 c:/program files (x86)/cypress/psoc creator/4.1/psoc creator/import/gnu/arm/5.4.1/bin/../lib/gcc/arm-none-eabi/5.4.1/../../../../arm-none-eabi/lib/armv6-m\libg_nano.a(lib_a-nano-svfprintf.o)
 .debug_frame   0x000029a0       0x54 c:/program files (x86)/cypress/psoc creator/4.1/psoc creator/import/gnu/arm/5.4.1/bin/../lib/gcc/arm-none-eabi/5.4.1/../../../../arm-none-eabi/lib/armv6-m\libg_nano.a(lib_a-nano-vfprintf_i.o)
 .debug_frame   0x000029f4       0x20 c:/program files (x86)/cypress/psoc creator/4.1/psoc creator/import/gnu/arm/5.4.1/bin/../lib/gcc/arm-none-eabi/5.4.1/../../../../arm-none-eabi/lib/armv6-m\libg_nano.a(lib_a-memchr-stub.o)
 .debug_frame   0x00002a14       0x28 c:/program files (x86)/cypress/psoc creator/4.1/psoc creator/import/gnu/arm/5.4.1/bin/../lib/gcc/arm-none-eabi/5.4.1/../../../../arm-none-eabi/lib/armv6-m\libg_nano.a(lib_a-memmove.o)
 .debug_frame   0x00002a3c       0x2c c:/program files (x86)/cypress/psoc creator/4.1/psoc creator/import/gnu/arm/5.4.1/bin/../lib/gcc/arm-none-eabi/5.4.1/../../../../arm-none-eabi/lib/armv6-m\libg_nano.a(lib_a-nano-freer.o)
 .debug_frame   0x00002a68       0x2c c:/program files (x86)/cypress/psoc creator/4.1/psoc creator/import/gnu/arm/5.4.1/bin/../lib/gcc/arm-none-eabi/5.4.1/../../../../arm-none-eabi/lib/armv6-m\libg_nano.a(lib_a-nano-mallocr.o)
 .debug_frame   0x00002a94       0x30 c:/program files (x86)/cypress/psoc creator/4.1/psoc creator/import/gnu/arm/5.4.1/bin/../lib/gcc/arm-none-eabi/5.4.1/../../../../arm-none-eabi/lib/armv6-m\libg_nano.a(lib_a-nano-reallocr.o)
 .debug_frame   0x00002ac4       0x2c c:/program files (x86)/cypress/psoc creator/4.1/psoc creator/import/gnu/arm/5.4.1/bin/../lib/gcc/arm-none-eabi/5.4.1/../../../../arm-none-eabi/lib/armv6-m\libg_nano.a(lib_a-sbrkr.o)
 .debug_frame   0x00002af0       0x30 c:/program files (x86)/cypress/psoc creator/4.1/psoc creator/import/gnu/arm/5.4.1/bin/../lib/gcc/arm-none-eabi/5.4.1/../../../../arm-none-eabi/lib/armv6-m\libg_nano.a(lib_a-mlock.o)
 .debug_frame   0x00002b20       0x20 c:/program files (x86)/cypress/psoc creator/4.1/psoc creator/import/gnu/arm/5.4.1/bin/../lib/gcc/arm-none-eabi/5.4.1/../../../../arm-none-eabi/lib/armv6-m\libg_nano.a(lib_a-nano-msizer.o)
 .debug_frame   0x00002b40       0x48 c:/program files (x86)/cypress/psoc creator/4.1/psoc creator/import/gnu/arm/5.4.1/bin/../lib/gcc/arm-none-eabi/5.4.1/../../../../arm-none-eabi/lib/armv6-m\libg_nano.a(lib_a-reent.o)

.debug_str      0x00000000     0x3674
 *(.debug_str)
 .debug_str     0x00000000      0x327 .\CortexM0\ARM_GCC_541\Debug\main.o
                                0x39f (size before relaxing)
 .debug_str     0x00000327      0x5ab .\CortexM0\ARM_GCC_541\Debug\bme280.o
                                0x809 (size before relaxing)
 .debug_str     0x000008d2      0x15b .\CortexM0\ARM_GCC_541\Debug\EEPROM.o
                                0x35d (size before relaxing)
 .debug_str     0x00000a2d      0x15a .\CortexM0\ARM_GCC_541\Debug\temp_bme280.o
                                0x5c1 (size before relaxing)
 .debug_str     0x00000b87      0x16f .\CortexM0\ARM_GCC_541\Debug\weathersensors.o
                                0x404 (size before relaxing)
 .debug_str     0x00000cf6      0x1fe .\CortexM0\ARM_GCC_541\Debug\cyfitter_cfg.o
                                0x402 (size before relaxing)
 .debug_str     0x00000ef4       0x59 .\CortexM0\ARM_GCC_541\Debug\cymetadata.o
                                0x1f1 (size before relaxing)
 .debug_str     0x00000f4d      0x135 .\CortexM0\ARM_GCC_541\Debug\Cm0Start.o
                                0x32a (size before relaxing)
 .debug_str     0x00001082      0x8e5 .\CortexM0\ARM_GCC_541\Debug\Firmware_V0.1.a(CyLib.o)
                                0xb4e (size before relaxing)
 .debug_str     0x00001967      0x6c2 .\CortexM0\ARM_GCC_541\Debug\Firmware_V0.1.a(CyLFClk.o)
                                0x946 (size before relaxing)
 .debug_str     0x00002029       0xfb .\CortexM0\ARM_GCC_541\Debug\Firmware_V0.1.a(I2C.o)
                                0x2e7 (size before relaxing)
 .debug_str     0x00002124       0x60 .\CortexM0\ARM_GCC_541\Debug\Firmware_V0.1.a(I2C_I2C.o)
                                0x263 (size before relaxing)
 .debug_str     0x00002184      0x187 .\CortexM0\ARM_GCC_541\Debug\Firmware_V0.1.a(I2C_I2C_MASTER.o)
                                0x44c (size before relaxing)
 .debug_str     0x0000230b       0xdb .\CortexM0\ARM_GCC_541\Debug\Firmware_V0.1.a(UART.o)
                                0x2c0 (size before relaxing)
 .debug_str     0x000023e6      0x191 .\CortexM0\ARM_GCC_541\Debug\Firmware_V0.1.a(UART_UART.o)
                                0x3b7 (size before relaxing)
 .debug_str     0x00002577       0xb7 .\CortexM0\ARM_GCC_541\Debug\Firmware_V0.1.a(EEPROM_WC.o)
                                0x27b (size before relaxing)
 .debug_str     0x0000262e      0x235 .\CortexM0\ARM_GCC_541\Debug\Firmware_V0.1.a(SPIM.o)
                                0x4ec (size before relaxing)
 .debug_str     0x00002863       0x3a .\CortexM0\ARM_GCC_541\Debug\Firmware_V0.1.a(SPIM_INT.o)
                                0x2a4 (size before relaxing)
 .debug_str     0x0000289d      0x513 .\CortexM0\ARM_GCC_541\Debug\Firmware_V0.1.a(RTC.o)
                                0x766 (size before relaxing)
 .debug_str     0x00002db0      0x1d1 .\CortexM0\ARM_GCC_541\Debug\Firmware_V0.1.a(ADC_SAR.o)
                                0x461 (size before relaxing)
 .debug_str     0x00002f81       0x3d .\CortexM0\ARM_GCC_541\Debug\Firmware_V0.1.a(ADC_SAR_INT.o)
                                0x1ee (size before relaxing)
 .debug_str     0x00002fbe      0x3c0 .\CortexM0\ARM_GCC_541\Debug\Firmware_V0.1.a(Counter.o)
                                0x62e (size before relaxing)
 .debug_str     0x0000337e      0x128 .\CortexM0\ARM_GCC_541\Debug\Firmware_V0.1.a(TIMER0_ISR.o)
                                0x359 (size before relaxing)
 .debug_str     0x000034a6       0xab .\CortexM0\ARM_GCC_541\Debug\Firmware_V0.1.a(CyFlash.o)
                                0x2d9 (size before relaxing)
 .debug_str     0x00003551       0x47 .\CortexM0\ARM_GCC_541\Debug\Firmware_V0.1.a(I2C_I2C_INT.o)
                                0x2d3 (size before relaxing)
 .debug_str     0x00003598       0xdc .\CortexM0\ARM_GCC_541\Debug\Firmware_V0.1.a(UART_SPI_UART.o)
                                0x2f7 (size before relaxing)

.debug_loc      0x00000000     0x7dd9
 *(.debug_loc)
 .debug_loc     0x00000000       0x32 .\CortexM0\ARM_GCC_541\Debug\main.o
 .debug_loc     0x00000032     0x2154 .\CortexM0\ARM_GCC_541\Debug\bme280.o
 .debug_loc     0x00002186      0x47b .\CortexM0\ARM_GCC_541\Debug\EEPROM.o
 .debug_loc     0x00002601      0x283 .\CortexM0\ARM_GCC_541\Debug\temp_bme280.o
 .debug_loc     0x00002884       0xb8 .\CortexM0\ARM_GCC_541\Debug\weathersensors.o
 .debug_loc     0x0000293c      0x264 .\CortexM0\ARM_GCC_541\Debug\cyfitter_cfg.o
 .debug_loc     0x00002ba0      0x14f .\CortexM0\ARM_GCC_541\Debug\Cm0Start.o
 .debug_loc     0x00002cef     0x1757 .\CortexM0\ARM_GCC_541\Debug\Firmware_V0.1.a(CyLib.o)
 .debug_loc     0x00004446      0xdb7 .\CortexM0\ARM_GCC_541\Debug\Firmware_V0.1.a(CyLFClk.o)
 .debug_loc     0x000051fd       0x7e .\CortexM0\ARM_GCC_541\Debug\Firmware_V0.1.a(I2C.o)
 .debug_loc     0x0000527b      0x8e4 .\CortexM0\ARM_GCC_541\Debug\Firmware_V0.1.a(I2C_I2C_MASTER.o)
 .debug_loc     0x00005b5f       0x7e .\CortexM0\ARM_GCC_541\Debug\Firmware_V0.1.a(UART.o)
 .debug_loc     0x00005bdd      0x1b8 .\CortexM0\ARM_GCC_541\Debug\Firmware_V0.1.a(UART_UART.o)
 .debug_loc     0x00005d95       0xa2 .\CortexM0\ARM_GCC_541\Debug\Firmware_V0.1.a(EEPROM_WC.o)
 .debug_loc     0x00005e37      0x21d .\CortexM0\ARM_GCC_541\Debug\Firmware_V0.1.a(SPIM.o)
 .debug_loc     0x00006054       0x74 .\CortexM0\ARM_GCC_541\Debug\Firmware_V0.1.a(SPIM_INT.o)
 .debug_loc     0x000060c8      0xf8c .\CortexM0\ARM_GCC_541\Debug\Firmware_V0.1.a(RTC.o)
 .debug_loc     0x00007054      0x4ba .\CortexM0\ARM_GCC_541\Debug\Firmware_V0.1.a(ADC_SAR.o)
 .debug_loc     0x0000750e      0x547 .\CortexM0\ARM_GCC_541\Debug\Firmware_V0.1.a(Counter.o)
 .debug_loc     0x00007a55       0x82 .\CortexM0\ARM_GCC_541\Debug\Firmware_V0.1.a(TIMER0_ISR.o)
 .debug_loc     0x00007ad7      0x160 .\CortexM0\ARM_GCC_541\Debug\Firmware_V0.1.a(CyFlash.o)
 .debug_loc     0x00007c37      0x10c .\CortexM0\ARM_GCC_541\Debug\Firmware_V0.1.a(I2C_I2C_INT.o)
 .debug_loc     0x00007d43       0x96 .\CortexM0\ARM_GCC_541\Debug\Firmware_V0.1.a(UART_SPI_UART.o)

.debug_macinfo
 *(.debug_macinfo)

.debug_ranges   0x00000000      0xc70
 *(.debug_ranges)
 .debug_ranges  0x00000000       0x10 .\CortexM0\ARM_GCC_541\Debug\main.o
 .debug_ranges  0x00000010      0x108 .\CortexM0\ARM_GCC_541\Debug\bme280.o
 .debug_ranges  0x00000118       0x38 .\CortexM0\ARM_GCC_541\Debug\EEPROM.o
 .debug_ranges  0x00000150       0x38 .\CortexM0\ARM_GCC_541\Debug\temp_bme280.o
 .debug_ranges  0x00000188       0x30 .\CortexM0\ARM_GCC_541\Debug\weathersensors.o
 .debug_ranges  0x000001b8       0x48 .\CortexM0\ARM_GCC_541\Debug\cyfitter_cfg.o
 .debug_ranges  0x00000200       0x38 .\CortexM0\ARM_GCC_541\Debug\Cm0Start.o
 .debug_ranges  0x00000238      0x250 .\CortexM0\ARM_GCC_541\Debug\Firmware_V0.1.a(CyLib.o)
 .debug_ranges  0x00000488      0x178 .\CortexM0\ARM_GCC_541\Debug\Firmware_V0.1.a(CyLFClk.o)
 .debug_ranges  0x00000600       0x50 .\CortexM0\ARM_GCC_541\Debug\Firmware_V0.1.a(I2C.o)
 .debug_ranges  0x00000650       0x18 .\CortexM0\ARM_GCC_541\Debug\Firmware_V0.1.a(I2C_I2C.o)
 .debug_ranges  0x00000668       0x78 .\CortexM0\ARM_GCC_541\Debug\Firmware_V0.1.a(I2C_I2C_MASTER.o)
 .debug_ranges  0x000006e0       0x48 .\CortexM0\ARM_GCC_541\Debug\Firmware_V0.1.a(UART.o)
 .debug_ranges  0x00000728       0x78 .\CortexM0\ARM_GCC_541\Debug\Firmware_V0.1.a(UART_UART.o)
 .debug_ranges  0x000007a0       0x38 .\CortexM0\ARM_GCC_541\Debug\Firmware_V0.1.a(EEPROM_WC.o)
 .debug_ranges  0x000007d8       0xc8 .\CortexM0\ARM_GCC_541\Debug\Firmware_V0.1.a(SPIM.o)
 .debug_ranges  0x000008a0       0x18 .\CortexM0\ARM_GCC_541\Debug\Firmware_V0.1.a(SPIM_INT.o)
 .debug_ranges  0x000008b8       0xc8 .\CortexM0\ARM_GCC_541\Debug\Firmware_V0.1.a(RTC.o)
 .debug_ranges  0x00000980       0x98 .\CortexM0\ARM_GCC_541\Debug\Firmware_V0.1.a(ADC_SAR.o)
 .debug_ranges  0x00000a18       0x10 .\CortexM0\ARM_GCC_541\Debug\Firmware_V0.1.a(ADC_SAR_INT.o)
 .debug_ranges  0x00000a28      0x148 .\CortexM0\ARM_GCC_541\Debug\Firmware_V0.1.a(Counter.o)
 .debug_ranges  0x00000b70       0x70 .\CortexM0\ARM_GCC_541\Debug\Firmware_V0.1.a(TIMER0_ISR.o)
 .debug_ranges  0x00000be0       0x30 .\CortexM0\ARM_GCC_541\Debug\Firmware_V0.1.a(CyFlash.o)
 .debug_ranges  0x00000c10       0x10 .\CortexM0\ARM_GCC_541\Debug\Firmware_V0.1.a(I2C_I2C_INT.o)
 .debug_ranges  0x00000c20       0x50 .\CortexM0\ARM_GCC_541\Debug\Firmware_V0.1.a(UART_SPI_UART.o)

.comment        0x00000000       0x6e
 .comment       0x00000000       0x6e .\CortexM0\ARM_GCC_541\Debug\main.o
                                 0x6f (size before relaxing)
 .comment       0x0000006e       0x6f .\CortexM0\ARM_GCC_541\Debug\bme280.o
 .comment       0x0000006e       0x6f .\CortexM0\ARM_GCC_541\Debug\EEPROM.o
 .comment       0x0000006e       0x6f .\CortexM0\ARM_GCC_541\Debug\temp_bme280.o
 .comment       0x0000006e       0x6f .\CortexM0\ARM_GCC_541\Debug\weathersensors.o
 .comment       0x0000006e       0x6f .\CortexM0\ARM_GCC_541\Debug\cyfitter_cfg.o
 .comment       0x0000006e       0x6f .\CortexM0\ARM_GCC_541\Debug\cymetadata.o
 .comment       0x0000006e       0x6f .\CortexM0\ARM_GCC_541\Debug\Cm0Start.o
 .comment       0x0000006e       0x6f .\CortexM0\ARM_GCC_541\Debug\Firmware_V0.1.a(CyLib.o)
 .comment       0x0000006e       0x6f .\CortexM0\ARM_GCC_541\Debug\Firmware_V0.1.a(CyLFClk.o)
 .comment       0x0000006e       0x6f .\CortexM0\ARM_GCC_541\Debug\Firmware_V0.1.a(I2C.o)
 .comment       0x0000006e       0x6f .\CortexM0\ARM_GCC_541\Debug\Firmware_V0.1.a(I2C_I2C.o)
 .comment       0x0000006e       0x6f .\CortexM0\ARM_GCC_541\Debug\Firmware_V0.1.a(I2C_I2C_MASTER.o)
 .comment       0x0000006e       0x6f .\CortexM0\ARM_GCC_541\Debug\Firmware_V0.1.a(UART.o)
 .comment       0x0000006e       0x6f .\CortexM0\ARM_GCC_541\Debug\Firmware_V0.1.a(UART_UART.o)
 .comment       0x0000006e       0x6f .\CortexM0\ARM_GCC_541\Debug\Firmware_V0.1.a(EEPROM_WC.o)
 .comment       0x0000006e       0x6f .\CortexM0\ARM_GCC_541\Debug\Firmware_V0.1.a(SPIM.o)
 .comment       0x0000006e       0x6f .\CortexM0\ARM_GCC_541\Debug\Firmware_V0.1.a(SPIM_INT.o)
 .comment       0x0000006e       0x6f .\CortexM0\ARM_GCC_541\Debug\Firmware_V0.1.a(RTC.o)
 .comment       0x0000006e       0x6f .\CortexM0\ARM_GCC_541\Debug\Firmware_V0.1.a(ADC_SAR.o)
 .comment       0x0000006e       0x6f .\CortexM0\ARM_GCC_541\Debug\Firmware_V0.1.a(ADC_SAR_INT.o)
 .comment       0x0000006e       0x6f .\CortexM0\ARM_GCC_541\Debug\Firmware_V0.1.a(Counter.o)
 .comment       0x0000006e       0x6f .\CortexM0\ARM_GCC_541\Debug\Firmware_V0.1.a(TIMER0_ISR.o)
 .comment       0x0000006e       0x6f .\CortexM0\ARM_GCC_541\Debug\Firmware_V0.1.a(CyFlash.o)
 .comment       0x0000006e       0x6f .\CortexM0\ARM_GCC_541\Debug\Firmware_V0.1.a(I2C_I2C_INT.o)
 .comment       0x0000006e       0x6f .\CortexM0\ARM_GCC_541\Debug\Firmware_V0.1.a(UART_SPI_UART.o)

.debug_weaknames
 *(.debug_weaknames)

.debug_funcnames
 *(.debug_funcnames)

.debug_typenames
 *(.debug_typenames)

.debug_varnames
 *(.debug_varnames)

.note.gnu.arm.ident
 *(.note.gnu.arm.ident)

.ARM.attributes
                0x00000000       0x28
 *(.ARM.attributes)
 .ARM.attributes
                0x00000000       0x1e c:/program files (x86)/cypress/psoc creator/4.1/psoc creator/import/gnu/arm/5.4.1/bin/../lib/gcc/arm-none-eabi/5.4.1/armv6-m/crti.o
 .ARM.attributes
                0x0000001e       0x2c c:/program files (x86)/cypress/psoc creator/4.1/psoc creator/import/gnu/arm/5.4.1/bin/../lib/gcc/arm-none-eabi/5.4.1/armv6-m/crtbegin.o
 .ARM.attributes
                0x0000004a       0x1b c:/program files (x86)/cypress/psoc creator/4.1/psoc creator/import/gnu/arm/5.4.1/bin/../lib/gcc/arm-none-eabi/5.4.1/../../../../arm-none-eabi/lib/armv6-m/crt0.o
 .ARM.attributes
                0x00000065       0x31 .\CortexM0\ARM_GCC_541\Debug\main.o
 .ARM.attributes
                0x00000096       0x31 .\CortexM0\ARM_GCC_541\Debug\bme280.o
 .ARM.attributes
                0x000000c7       0x31 .\CortexM0\ARM_GCC_541\Debug\EEPROM.o
 .ARM.attributes
                0x000000f8       0x31 .\CortexM0\ARM_GCC_541\Debug\temp_bme280.o
 .ARM.attributes
                0x00000129       0x31 .\CortexM0\ARM_GCC_541\Debug\weathersensors.o
 .ARM.attributes
                0x0000015a       0x31 .\CortexM0\ARM_GCC_541\Debug\cyfitter_cfg.o
 .ARM.attributes
                0x0000018b       0x31 .\CortexM0\ARM_GCC_541\Debug\cymetadata.o
 .ARM.attributes
                0x000001bc       0x31 .\CortexM0\ARM_GCC_541\Debug\Cm0Start.o
 .ARM.attributes
                0x000001ed       0x31 .\CortexM0\ARM_GCC_541\Debug\Firmware_V0.1.a(CyLib.o)
 .ARM.attributes
                0x0000021e       0x31 .\CortexM0\ARM_GCC_541\Debug\Firmware_V0.1.a(CyLFClk.o)
 .ARM.attributes
                0x0000024f       0x31 .\CortexM0\ARM_GCC_541\Debug\Firmware_V0.1.a(I2C.o)
 .ARM.attributes
                0x00000280       0x31 .\CortexM0\ARM_GCC_541\Debug\Firmware_V0.1.a(I2C_I2C.o)
 .ARM.attributes
                0x000002b1       0x31 .\CortexM0\ARM_GCC_541\Debug\Firmware_V0.1.a(I2C_I2C_MASTER.o)
 .ARM.attributes
                0x000002e2       0x31 .\CortexM0\ARM_GCC_541\Debug\Firmware_V0.1.a(UART.o)
 .ARM.attributes
                0x00000313       0x31 .\CortexM0\ARM_GCC_541\Debug\Firmware_V0.1.a(UART_UART.o)
 .ARM.attributes
                0x00000344       0x31 .\CortexM0\ARM_GCC_541\Debug\Firmware_V0.1.a(EEPROM_WC.o)
 .ARM.attributes
                0x00000375       0x31 .\CortexM0\ARM_GCC_541\Debug\Firmware_V0.1.a(SPIM.o)
 .ARM.attributes
                0x000003a6       0x31 .\CortexM0\ARM_GCC_541\Debug\Firmware_V0.1.a(SPIM_INT.o)
 .ARM.attributes
                0x000003d7       0x31 .\CortexM0\ARM_GCC_541\Debug\Firmware_V0.1.a(RTC.o)
 .ARM.attributes
                0x00000408       0x31 .\CortexM0\ARM_GCC_541\Debug\Firmware_V0.1.a(ADC_SAR.o)
 .ARM.attributes
                0x00000439       0x31 .\CortexM0\ARM_GCC_541\Debug\Firmware_V0.1.a(ADC_SAR_INT.o)
 .ARM.attributes
                0x0000046a       0x31 .\CortexM0\ARM_GCC_541\Debug\Firmware_V0.1.a(Counter.o)
 .ARM.attributes
                0x0000049b       0x31 .\CortexM0\ARM_GCC_541\Debug\Firmware_V0.1.a(TIMER0_ISR.o)
 .ARM.attributes
                0x000004cc       0x21 .\CortexM0\ARM_GCC_541\Debug\Firmware_V0.1.a(CyBootAsmGnu.o)
 .ARM.attributes
                0x000004ed       0x31 .\CortexM0\ARM_GCC_541\Debug\Firmware_V0.1.a(CyFlash.o)
 .ARM.attributes
                0x0000051e       0x31 .\CortexM0\ARM_GCC_541\Debug\Firmware_V0.1.a(I2C_I2C_INT.o)
 .ARM.attributes
                0x0000054f       0x31 .\CortexM0\ARM_GCC_541\Debug\Firmware_V0.1.a(UART_SPI_UART.o)
 .ARM.attributes
                0x00000580       0x1e c:/program files (x86)/cypress/psoc creator/4.1/psoc creator/import/gnu/arm/5.4.1/bin/../lib/gcc/arm-none-eabi/5.4.1/armv6-m\libgcc.a(_udivsi3.o)
 .ARM.attributes
                0x0000059e       0x1e c:/program files (x86)/cypress/psoc creator/4.1/psoc creator/import/gnu/arm/5.4.1/bin/../lib/gcc/arm-none-eabi/5.4.1/armv6-m\libgcc.a(_divsi3.o)
 .ARM.attributes
                0x000005bc       0x1e c:/program files (x86)/cypress/psoc creator/4.1/psoc creator/import/gnu/arm/5.4.1/bin/../lib/gcc/arm-none-eabi/5.4.1/armv6-m\libgcc.a(_dvmd_tls.o)
 .ARM.attributes
                0x000005da       0x1e c:/program files (x86)/cypress/psoc creator/4.1/psoc creator/import/gnu/arm/5.4.1/bin/../lib/gcc/arm-none-eabi/5.4.1/armv6-m\libgcc.a(_aeabi_ldivmod.o)
 .ARM.attributes
                0x000005f8       0x1e c:/program files (x86)/cypress/psoc creator/4.1/psoc creator/import/gnu/arm/5.4.1/bin/../lib/gcc/arm-none-eabi/5.4.1/armv6-m\libgcc.a(_aeabi_uldivmod.o)
 .ARM.attributes
                0x00000616       0x2c c:/program files (x86)/cypress/psoc creator/4.1/psoc creator/import/gnu/arm/5.4.1/bin/../lib/gcc/arm-none-eabi/5.4.1/armv6-m\libgcc.a(_muldi3.o)
 .ARM.attributes
                0x00000642       0x2c c:/program files (x86)/cypress/psoc creator/4.1/psoc creator/import/gnu/arm/5.4.1/bin/../lib/gcc/arm-none-eabi/5.4.1/armv6-m\libgcc.a(_udivmoddi4.o)
 .ARM.attributes
                0x0000066e       0x2c c:/program files (x86)/cypress/psoc creator/4.1/psoc creator/import/gnu/arm/5.4.1/bin/../lib/gcc/arm-none-eabi/5.4.1/armv6-m\libgcc.a(bpabi.o)
 .ARM.attributes
                0x0000069a       0x2c c:/program files (x86)/cypress/psoc creator/4.1/psoc creator/import/gnu/arm/5.4.1/bin/../lib/gcc/arm-none-eabi/5.4.1/armv6-m\libgcc.a(divsf3.o)
 .ARM.attributes
                0x000006c6       0x2c c:/program files (x86)/cypress/psoc creator/4.1/psoc creator/import/gnu/arm/5.4.1/bin/../lib/gcc/arm-none-eabi/5.4.1/armv6-m\libgcc.a(mulsf3.o)
 .ARM.attributes
                0x000006f2       0x2c c:/program files (x86)/cypress/psoc creator/4.1/psoc creator/import/gnu/arm/5.4.1/bin/../lib/gcc/arm-none-eabi/5.4.1/armv6-m\libgcc.a(floatsisf.o)
 .ARM.attributes
                0x0000071e       0x1e c:/program files (x86)/cypress/psoc creator/4.1/psoc creator/import/gnu/arm/5.4.1/bin/../lib/gcc/arm-none-eabi/5.4.1/armv6-m\libgcc.a(_clzsi2.o)
 .ARM.attributes
                0x0000073c       0x1e c:/program files (x86)/cypress/psoc creator/4.1/psoc creator/import/gnu/arm/5.4.1/bin/../lib/gcc/arm-none-eabi/5.4.1/armv6-m\libgcc.a(_clzdi2.o)
 .ARM.attributes
                0x0000075a       0x2c c:/program files (x86)/cypress/psoc creator/4.1/psoc creator/import/gnu/arm/5.4.1/bin/../lib/gcc/arm-none-eabi/5.4.1/armv6-m\libgcc.a(_divdi3.o)
 .ARM.attributes
                0x00000786       0x2c c:/program files (x86)/cypress/psoc creator/4.1/psoc creator/import/gnu/arm/5.4.1/bin/../lib/gcc/arm-none-eabi/5.4.1/../../../../arm-none-eabi/lib/armv6-m\libg_nano.a(lib_a-errno.o)
 .ARM.attributes
                0x000007b2       0x2c c:/program files (x86)/cypress/psoc creator/4.1/psoc creator/import/gnu/arm/5.4.1/bin/../lib/gcc/arm-none-eabi/5.4.1/../../../../arm-none-eabi/lib/armv6-m\libg_nano.a(lib_a-exit.o)
 .ARM.attributes
                0x000007de       0x2c c:/program files (x86)/cypress/psoc creator/4.1/psoc creator/import/gnu/arm/5.4.1/bin/../lib/gcc/arm-none-eabi/5.4.1/../../../../arm-none-eabi/lib/armv6-m\libg_nano.a(lib_a-impure.o)
 .ARM.attributes
                0x0000080a       0x2c c:/program files (x86)/cypress/psoc creator/4.1/psoc creator/import/gnu/arm/5.4.1/bin/../lib/gcc/arm-none-eabi/5.4.1/../../../../arm-none-eabi/lib/armv6-m\libg_nano.a(lib_a-init.o)
 .ARM.attributes
                0x00000836       0x2c c:/program files (x86)/cypress/psoc creator/4.1/psoc creator/import/gnu/arm/5.4.1/bin/../lib/gcc/arm-none-eabi/5.4.1/../../../../arm-none-eabi/lib/armv6-m\libg_nano.a(lib_a-memcpy-stub.o)
 .ARM.attributes
                0x00000862       0x2c c:/program files (x86)/cypress/psoc creator/4.1/psoc creator/import/gnu/arm/5.4.1/bin/../lib/gcc/arm-none-eabi/5.4.1/../../../../arm-none-eabi/lib/armv6-m\libg_nano.a(lib_a-memset.o)
 .ARM.attributes
                0x0000088e       0x2c c:/program files (x86)/cypress/psoc creator/4.1/psoc creator/import/gnu/arm/5.4.1/bin/../lib/gcc/arm-none-eabi/5.4.1/../../../../arm-none-eabi/lib/armv6-m\libg_nano.a(lib_a-sprintf.o)
 .ARM.attributes
                0x000008ba       0x2c c:/program files (x86)/cypress/psoc creator/4.1/psoc creator/import/gnu/arm/5.4.1/bin/../lib/gcc/arm-none-eabi/5.4.1/../../../../arm-none-eabi/lib/armv6-m\libg_nano.a(lib_a-nano-svfprintf.o)
 .ARM.attributes
                0x000008e6       0x2c c:/program files (x86)/cypress/psoc creator/4.1/psoc creator/import/gnu/arm/5.4.1/bin/../lib/gcc/arm-none-eabi/5.4.1/../../../../arm-none-eabi/lib/armv6-m\libg_nano.a(lib_a-nano-vfprintf_i.o)
 .ARM.attributes
                0x00000912       0x2c c:/program files (x86)/cypress/psoc creator/4.1/psoc creator/import/gnu/arm/5.4.1/bin/../lib/gcc/arm-none-eabi/5.4.1/../../../../arm-none-eabi/lib/armv6-m\libg_nano.a(lib_a-memchr-stub.o)
 .ARM.attributes
                0x0000093e       0x2c c:/program files (x86)/cypress/psoc creator/4.1/psoc creator/import/gnu/arm/5.4.1/bin/../lib/gcc/arm-none-eabi/5.4.1/../../../../arm-none-eabi/lib/armv6-m\libg_nano.a(lib_a-memmove.o)
 .ARM.attributes
                0x0000096a       0x2c c:/program files (x86)/cypress/psoc creator/4.1/psoc creator/import/gnu/arm/5.4.1/bin/../lib/gcc/arm-none-eabi/5.4.1/../../../../arm-none-eabi/lib/armv6-m\libg_nano.a(lib_a-nano-freer.o)
 .ARM.attributes
                0x00000996       0x2c c:/program files (x86)/cypress/psoc creator/4.1/psoc creator/import/gnu/arm/5.4.1/bin/../lib/gcc/arm-none-eabi/5.4.1/../../../../arm-none-eabi/lib/armv6-m\libg_nano.a(lib_a-nano-mallocr.o)
 .ARM.attributes
                0x000009c2       0x2c c:/program files (x86)/cypress/psoc creator/4.1/psoc creator/import/gnu/arm/5.4.1/bin/../lib/gcc/arm-none-eabi/5.4.1/../../../../arm-none-eabi/lib/armv6-m\libg_nano.a(lib_a-nano-reallocr.o)
 .ARM.attributes
                0x000009ee       0x2c c:/program files (x86)/cypress/psoc creator/4.1/psoc creator/import/gnu/arm/5.4.1/bin/../lib/gcc/arm-none-eabi/5.4.1/../../../../arm-none-eabi/lib/armv6-m\libg_nano.a(lib_a-sbrkr.o)
 .ARM.attributes
                0x00000a1a       0x2c c:/program files (x86)/cypress/psoc creator/4.1/psoc creator/import/gnu/arm/5.4.1/bin/../lib/gcc/arm-none-eabi/5.4.1/../../../../arm-none-eabi/lib/armv6-m\libg_nano.a(lib_a-mlock.o)
 .ARM.attributes
                0x00000a46       0x2c c:/program files (x86)/cypress/psoc creator/4.1/psoc creator/import/gnu/arm/5.4.1/bin/../lib/gcc/arm-none-eabi/5.4.1/../../../../arm-none-eabi/lib/armv6-m\libg_nano.a(lib_a-nano-msizer.o)
 .ARM.attributes
                0x00000a72       0x2c c:/program files (x86)/cypress/psoc creator/4.1/psoc creator/import/gnu/arm/5.4.1/bin/../lib/gcc/arm-none-eabi/5.4.1/../../../../arm-none-eabi/lib/armv6-m\libg_nano.a(lib_a-reent.o)
 .ARM.attributes
                0x00000a9e       0x2c c:/program files (x86)/cypress/psoc creator/4.1/psoc creator/import/gnu/arm/5.4.1/bin/../lib/gcc/arm-none-eabi/5.4.1/armv6-m/crtend.o
 .ARM.attributes
                0x00000aca       0x1e c:/program files (x86)/cypress/psoc creator/4.1/psoc creator/import/gnu/arm/5.4.1/bin/../lib/gcc/arm-none-eabi/5.4.1/armv6-m/crtn.o

/DISCARD/
 *(.note.GNU-stack)
OUTPUT(C:\Users\corne\Dropbox\prive\projects\Wireless_sensornode\Software\Wireless_sensornode\Firmware_V0.1.cydsn\CortexM0\ARM_GCC_541\Debug\Firmware_V0.1.elf elf32-littlearm)
