ARM GAS  C:\Users\corne\AppData\Local\Temp\ccMzuuUu.s 			page 1


   1              		.syntax unified
   2              		.cpu cortex-m0
   3              		.fpu softvfp
   4              		.eabi_attribute 20, 1
   5              		.eabi_attribute 21, 1
   6              		.eabi_attribute 23, 3
   7              		.eabi_attribute 24, 1
   8              		.eabi_attribute 25, 1
   9              		.eabi_attribute 26, 1
  10              		.eabi_attribute 30, 1
  11              		.eabi_attribute 34, 0
  12              		.eabi_attribute 18, 4
  13              		.thumb
  14              		.syntax unified
  15              		.file	"I2C_I2C.c"
  16              		.text
  17              	.Ltext0:
  18              		.cfi_sections	.debug_frame
  19              		.section	.text.I2C_I2CInit,"ax",%progbits
  20              		.align	2
  21              		.global	I2C_I2CInit
  22              		.code	16
  23              		.thumb_func
  24              		.type	I2C_I2CInit, %function
  25              	I2C_I2CInit:
  26              	.LFB1:
  27              		.file 1 "Generated_Source\\PSoC4\\I2C_I2C.c"
   1:Generated_Source\PSoC4/I2C_I2C.c **** /***************************************************************************//**
   2:Generated_Source\PSoC4/I2C_I2C.c **** * \file I2C_I2C.c
   3:Generated_Source\PSoC4/I2C_I2C.c **** * \version 3.20
   4:Generated_Source\PSoC4/I2C_I2C.c **** *
   5:Generated_Source\PSoC4/I2C_I2C.c **** * \brief
   6:Generated_Source\PSoC4/I2C_I2C.c **** *  This file provides the source code to the API for the SCB Component in
   7:Generated_Source\PSoC4/I2C_I2C.c **** *  I2C mode.
   8:Generated_Source\PSoC4/I2C_I2C.c **** *
   9:Generated_Source\PSoC4/I2C_I2C.c **** * Note:
  10:Generated_Source\PSoC4/I2C_I2C.c **** *
  11:Generated_Source\PSoC4/I2C_I2C.c **** *******************************************************************************
  12:Generated_Source\PSoC4/I2C_I2C.c **** * \copyright
  13:Generated_Source\PSoC4/I2C_I2C.c **** * Copyright 2013-2016, Cypress Semiconductor Corporation.  All rights reserved.
  14:Generated_Source\PSoC4/I2C_I2C.c **** * You may use this file only in accordance with the license, terms, conditions,
  15:Generated_Source\PSoC4/I2C_I2C.c **** * disclaimers, and limitations in the end user license agreement accompanying
  16:Generated_Source\PSoC4/I2C_I2C.c **** * the software package with which this file was provided.
  17:Generated_Source\PSoC4/I2C_I2C.c **** *******************************************************************************/
  18:Generated_Source\PSoC4/I2C_I2C.c **** 
  19:Generated_Source\PSoC4/I2C_I2C.c **** #include "I2C_PVT.h"
  20:Generated_Source\PSoC4/I2C_I2C.c **** #include "I2C_I2C_PVT.h"
  21:Generated_Source\PSoC4/I2C_I2C.c **** 
  22:Generated_Source\PSoC4/I2C_I2C.c **** 
  23:Generated_Source\PSoC4/I2C_I2C.c **** /***************************************
  24:Generated_Source\PSoC4/I2C_I2C.c **** *      I2C Private Vars
  25:Generated_Source\PSoC4/I2C_I2C.c **** ***************************************/
  26:Generated_Source\PSoC4/I2C_I2C.c **** 
  27:Generated_Source\PSoC4/I2C_I2C.c **** volatile uint8 I2C_state;  /* Current state of I2C FSM */
  28:Generated_Source\PSoC4/I2C_I2C.c **** 
  29:Generated_Source\PSoC4/I2C_I2C.c **** #if(I2C_SCB_MODE_UNCONFIG_CONST_CFG)
  30:Generated_Source\PSoC4/I2C_I2C.c **** 
ARM GAS  C:\Users\corne\AppData\Local\Temp\ccMzuuUu.s 			page 2


  31:Generated_Source\PSoC4/I2C_I2C.c ****     /***************************************
  32:Generated_Source\PSoC4/I2C_I2C.c ****     *  Configuration Structure Initialization
  33:Generated_Source\PSoC4/I2C_I2C.c ****     ***************************************/
  34:Generated_Source\PSoC4/I2C_I2C.c **** 
  35:Generated_Source\PSoC4/I2C_I2C.c ****     /* Constant configuration of I2C */
  36:Generated_Source\PSoC4/I2C_I2C.c ****     const I2C_I2C_INIT_STRUCT I2C_configI2C =
  37:Generated_Source\PSoC4/I2C_I2C.c ****     {
  38:Generated_Source\PSoC4/I2C_I2C.c ****         I2C_I2C_MODE,
  39:Generated_Source\PSoC4/I2C_I2C.c ****         I2C_I2C_OVS_FACTOR_LOW,
  40:Generated_Source\PSoC4/I2C_I2C.c ****         I2C_I2C_OVS_FACTOR_HIGH,
  41:Generated_Source\PSoC4/I2C_I2C.c ****         I2C_I2C_MEDIAN_FILTER_ENABLE,
  42:Generated_Source\PSoC4/I2C_I2C.c ****         I2C_I2C_SLAVE_ADDRESS,
  43:Generated_Source\PSoC4/I2C_I2C.c ****         I2C_I2C_SLAVE_ADDRESS_MASK,
  44:Generated_Source\PSoC4/I2C_I2C.c ****         I2C_I2C_ACCEPT_ADDRESS,
  45:Generated_Source\PSoC4/I2C_I2C.c ****         I2C_I2C_WAKE_ENABLE,
  46:Generated_Source\PSoC4/I2C_I2C.c ****         I2C_I2C_BYTE_MODE_ENABLE,
  47:Generated_Source\PSoC4/I2C_I2C.c ****         I2C_I2C_DATA_RATE,
  48:Generated_Source\PSoC4/I2C_I2C.c ****         I2C_I2C_ACCEPT_GENERAL_CALL,
  49:Generated_Source\PSoC4/I2C_I2C.c ****     };
  50:Generated_Source\PSoC4/I2C_I2C.c **** 
  51:Generated_Source\PSoC4/I2C_I2C.c ****     /*******************************************************************************
  52:Generated_Source\PSoC4/I2C_I2C.c ****     * Function Name: I2C_I2CInit
  53:Generated_Source\PSoC4/I2C_I2C.c ****     ****************************************************************************//**
  54:Generated_Source\PSoC4/I2C_I2C.c ****     *
  55:Generated_Source\PSoC4/I2C_I2C.c ****     *
  56:Generated_Source\PSoC4/I2C_I2C.c ****     *  Configures the I2C for I2C operation.
  57:Generated_Source\PSoC4/I2C_I2C.c ****     *
  58:Generated_Source\PSoC4/I2C_I2C.c ****     *  This function is intended specifically to be used when the I2C 
  59:Generated_Source\PSoC4/I2C_I2C.c ****     *  configuration is set to “Unconfigured I2C” in the customizer. 
  60:Generated_Source\PSoC4/I2C_I2C.c ****     *  After initializing the I2C in I2C mode using this function, 
  61:Generated_Source\PSoC4/I2C_I2C.c ****     *  the component can be enabled using the I2C_Start() or 
  62:Generated_Source\PSoC4/I2C_I2C.c ****     * I2C_Enable() function.
  63:Generated_Source\PSoC4/I2C_I2C.c ****     *  This function uses a pointer to a structure that provides the configuration 
  64:Generated_Source\PSoC4/I2C_I2C.c ****     *  settings. This structure contains the same information that would otherwise 
  65:Generated_Source\PSoC4/I2C_I2C.c ****     *  be provided by the customizer settings.
  66:Generated_Source\PSoC4/I2C_I2C.c ****     *
  67:Generated_Source\PSoC4/I2C_I2C.c ****     *  \param config: pointer to a structure that contains the following list of 
  68:Generated_Source\PSoC4/I2C_I2C.c ****     *   fields. These fields match the selections available in the customizer. 
  69:Generated_Source\PSoC4/I2C_I2C.c ****     *   Refer to the customizer for further description of the settings.
  70:Generated_Source\PSoC4/I2C_I2C.c ****     *
  71:Generated_Source\PSoC4/I2C_I2C.c ****     *******************************************************************************/
  72:Generated_Source\PSoC4/I2C_I2C.c ****     void I2C_I2CInit(const I2C_I2C_INIT_STRUCT *config)
  73:Generated_Source\PSoC4/I2C_I2C.c ****     {
  74:Generated_Source\PSoC4/I2C_I2C.c ****         uint32 medianFilter;
  75:Generated_Source\PSoC4/I2C_I2C.c ****         uint32 locEnableWake;
  76:Generated_Source\PSoC4/I2C_I2C.c **** 
  77:Generated_Source\PSoC4/I2C_I2C.c ****         if(NULL == config)
  78:Generated_Source\PSoC4/I2C_I2C.c ****         {
  79:Generated_Source\PSoC4/I2C_I2C.c ****             CYASSERT(0u != 0u); /* Halt execution due to bad function parameter */
  80:Generated_Source\PSoC4/I2C_I2C.c ****         }
  81:Generated_Source\PSoC4/I2C_I2C.c ****         else
  82:Generated_Source\PSoC4/I2C_I2C.c ****         {
  83:Generated_Source\PSoC4/I2C_I2C.c ****             /* Configure pins */
  84:Generated_Source\PSoC4/I2C_I2C.c ****             I2C_SetPins(I2C_SCB_MODE_I2C, I2C_DUMMY_PARAM,
  85:Generated_Source\PSoC4/I2C_I2C.c ****                                      I2C_DUMMY_PARAM);
  86:Generated_Source\PSoC4/I2C_I2C.c **** 
  87:Generated_Source\PSoC4/I2C_I2C.c ****             /* Store internal configuration */
ARM GAS  C:\Users\corne\AppData\Local\Temp\ccMzuuUu.s 			page 3


  88:Generated_Source\PSoC4/I2C_I2C.c ****             I2C_scbMode       = (uint8) I2C_SCB_MODE_I2C;
  89:Generated_Source\PSoC4/I2C_I2C.c ****             I2C_scbEnableWake = (uint8) config->enableWake;
  90:Generated_Source\PSoC4/I2C_I2C.c ****             I2C_scbEnableIntr = (uint8) I2C_SCB_IRQ_INTERNAL;
  91:Generated_Source\PSoC4/I2C_I2C.c **** 
  92:Generated_Source\PSoC4/I2C_I2C.c ****             I2C_mode          = (uint8) config->mode;
  93:Generated_Source\PSoC4/I2C_I2C.c ****             I2C_acceptAddr    = (uint8) config->acceptAddr;
  94:Generated_Source\PSoC4/I2C_I2C.c **** 
  95:Generated_Source\PSoC4/I2C_I2C.c ****         #if (I2C_CY_SCBIP_V0)
  96:Generated_Source\PSoC4/I2C_I2C.c ****             /* Adjust SDA filter settings. Ticket ID#150521 */
  97:Generated_Source\PSoC4/I2C_I2C.c ****             I2C_SET_I2C_CFG_SDA_FILT_TRIM(I2C_EC_AM_I2C_CFG_SDA_FILT_TRIM);
  98:Generated_Source\PSoC4/I2C_I2C.c ****         #endif /* (I2C_CY_SCBIP_V0) */
  99:Generated_Source\PSoC4/I2C_I2C.c **** 
 100:Generated_Source\PSoC4/I2C_I2C.c ****             /* Adjust AF and DF filter settings. Ticket ID#176179 */
 101:Generated_Source\PSoC4/I2C_I2C.c ****             if (((I2C_I2C_MODE_SLAVE != config->mode) &&
 102:Generated_Source\PSoC4/I2C_I2C.c ****                  (config->dataRate <= I2C_I2C_DATA_RATE_FS_MODE_MAX)) ||
 103:Generated_Source\PSoC4/I2C_I2C.c ****                  (I2C_I2C_MODE_SLAVE == config->mode))
 104:Generated_Source\PSoC4/I2C_I2C.c ****             {
 105:Generated_Source\PSoC4/I2C_I2C.c ****                 /* AF = 1, DF = 0 */
 106:Generated_Source\PSoC4/I2C_I2C.c ****                 I2C_I2C_CFG_ANALOG_FITER_ENABLE;
 107:Generated_Source\PSoC4/I2C_I2C.c ****                 medianFilter = I2C_DIGITAL_FILTER_DISABLE;
 108:Generated_Source\PSoC4/I2C_I2C.c ****             }
 109:Generated_Source\PSoC4/I2C_I2C.c ****             else
 110:Generated_Source\PSoC4/I2C_I2C.c ****             {
 111:Generated_Source\PSoC4/I2C_I2C.c ****                 /* AF = 0, DF = 1 */
 112:Generated_Source\PSoC4/I2C_I2C.c ****                 I2C_I2C_CFG_ANALOG_FITER_DISABLE;
 113:Generated_Source\PSoC4/I2C_I2C.c ****                 medianFilter = I2C_DIGITAL_FILTER_ENABLE;
 114:Generated_Source\PSoC4/I2C_I2C.c ****             }
 115:Generated_Source\PSoC4/I2C_I2C.c **** 
 116:Generated_Source\PSoC4/I2C_I2C.c ****         #if (!I2C_CY_SCBIP_V0)
 117:Generated_Source\PSoC4/I2C_I2C.c ****             locEnableWake = (I2C_I2C_MULTI_MASTER_SLAVE) ? (0u) : (config->enableWake);
 118:Generated_Source\PSoC4/I2C_I2C.c ****         #else
 119:Generated_Source\PSoC4/I2C_I2C.c ****             locEnableWake = config->enableWake;
 120:Generated_Source\PSoC4/I2C_I2C.c ****         #endif /* (!I2C_CY_SCBIP_V0) */
 121:Generated_Source\PSoC4/I2C_I2C.c **** 
 122:Generated_Source\PSoC4/I2C_I2C.c ****             /* Configure I2C interface */
 123:Generated_Source\PSoC4/I2C_I2C.c ****             I2C_CTRL_REG     = I2C_GET_CTRL_BYTE_MODE  (config->enableByteMode) |
 124:Generated_Source\PSoC4/I2C_I2C.c ****                                             I2C_GET_CTRL_ADDR_ACCEPT(config->acceptAddr)     |
 125:Generated_Source\PSoC4/I2C_I2C.c ****                                             I2C_GET_CTRL_EC_AM_MODE (locEnableWake);
 126:Generated_Source\PSoC4/I2C_I2C.c **** 
 127:Generated_Source\PSoC4/I2C_I2C.c ****             I2C_I2C_CTRL_REG = I2C_GET_I2C_CTRL_HIGH_PHASE_OVS(config->oversampleHigh) |
 128:Generated_Source\PSoC4/I2C_I2C.c ****                     I2C_GET_I2C_CTRL_LOW_PHASE_OVS (config->oversampleLow)                         
 129:Generated_Source\PSoC4/I2C_I2C.c ****                     I2C_GET_I2C_CTRL_S_GENERAL_IGNORE((uint32)(0u == config->acceptGeneralAddr))   
 130:Generated_Source\PSoC4/I2C_I2C.c ****                     I2C_GET_I2C_CTRL_SL_MSTR_MODE  (config->mode);
 131:Generated_Source\PSoC4/I2C_I2C.c **** 
 132:Generated_Source\PSoC4/I2C_I2C.c ****             /* Configure RX direction */
 133:Generated_Source\PSoC4/I2C_I2C.c ****             I2C_RX_CTRL_REG      = I2C_GET_RX_CTRL_MEDIAN(medianFilter) |
 134:Generated_Source\PSoC4/I2C_I2C.c ****                                                 I2C_I2C_RX_CTRL;
 135:Generated_Source\PSoC4/I2C_I2C.c ****             I2C_RX_FIFO_CTRL_REG = I2C_CLEAR_REG;
 136:Generated_Source\PSoC4/I2C_I2C.c **** 
 137:Generated_Source\PSoC4/I2C_I2C.c ****             /* Set default address and mask */
 138:Generated_Source\PSoC4/I2C_I2C.c ****             I2C_RX_MATCH_REG    = ((I2C_I2C_SLAVE) ?
 139:Generated_Source\PSoC4/I2C_I2C.c ****                                                 (I2C_GET_I2C_8BIT_ADDRESS(config->slaveAddr) |
 140:Generated_Source\PSoC4/I2C_I2C.c ****                                                  I2C_GET_RX_MATCH_MASK(config->slaveAddrMask)) :
 141:Generated_Source\PSoC4/I2C_I2C.c ****                                                 (I2C_CLEAR_REG));
 142:Generated_Source\PSoC4/I2C_I2C.c **** 
 143:Generated_Source\PSoC4/I2C_I2C.c **** 
 144:Generated_Source\PSoC4/I2C_I2C.c ****             /* Configure TX direction */
ARM GAS  C:\Users\corne\AppData\Local\Temp\ccMzuuUu.s 			page 4


 145:Generated_Source\PSoC4/I2C_I2C.c ****             I2C_TX_CTRL_REG      = I2C_I2C_TX_CTRL;
 146:Generated_Source\PSoC4/I2C_I2C.c ****             I2C_TX_FIFO_CTRL_REG = I2C_CLEAR_REG;
 147:Generated_Source\PSoC4/I2C_I2C.c **** 
 148:Generated_Source\PSoC4/I2C_I2C.c ****             /* Configure interrupt with I2C handler but do not enable it */
 149:Generated_Source\PSoC4/I2C_I2C.c ****             CyIntDisable    (I2C_ISR_NUMBER);
 150:Generated_Source\PSoC4/I2C_I2C.c ****             CyIntSetPriority(I2C_ISR_NUMBER, I2C_ISR_PRIORITY);
 151:Generated_Source\PSoC4/I2C_I2C.c ****             (void) CyIntSetVector(I2C_ISR_NUMBER, &I2C_I2C_ISR);
 152:Generated_Source\PSoC4/I2C_I2C.c **** 
 153:Generated_Source\PSoC4/I2C_I2C.c ****             /* Configure interrupt sources */
 154:Generated_Source\PSoC4/I2C_I2C.c ****         #if(!I2C_CY_SCBIP_V1)
 155:Generated_Source\PSoC4/I2C_I2C.c ****             I2C_INTR_SPI_EC_MASK_REG = I2C_NO_INTR_SOURCES;
 156:Generated_Source\PSoC4/I2C_I2C.c ****         #endif /* (!I2C_CY_SCBIP_V1) */
 157:Generated_Source\PSoC4/I2C_I2C.c **** 
 158:Generated_Source\PSoC4/I2C_I2C.c ****             I2C_INTR_I2C_EC_MASK_REG = I2C_NO_INTR_SOURCES;
 159:Generated_Source\PSoC4/I2C_I2C.c ****             I2C_INTR_RX_MASK_REG     = I2C_NO_INTR_SOURCES;
 160:Generated_Source\PSoC4/I2C_I2C.c ****             I2C_INTR_TX_MASK_REG     = I2C_NO_INTR_SOURCES;
 161:Generated_Source\PSoC4/I2C_I2C.c **** 
 162:Generated_Source\PSoC4/I2C_I2C.c ****             I2C_INTR_SLAVE_MASK_REG  = ((I2C_I2C_SLAVE) ?
 163:Generated_Source\PSoC4/I2C_I2C.c ****                             (I2C_GET_INTR_SLAVE_I2C_GENERAL(config->acceptGeneralAddr) |
 164:Generated_Source\PSoC4/I2C_I2C.c ****                              I2C_I2C_INTR_SLAVE_MASK) : (I2C_CLEAR_REG));
 165:Generated_Source\PSoC4/I2C_I2C.c **** 
 166:Generated_Source\PSoC4/I2C_I2C.c ****             I2C_INTR_MASTER_MASK_REG = ((I2C_I2C_MASTER) ?
 167:Generated_Source\PSoC4/I2C_I2C.c ****                                                      (I2C_I2C_INTR_MASTER_MASK) :
 168:Generated_Source\PSoC4/I2C_I2C.c ****                                                      (I2C_CLEAR_REG));
 169:Generated_Source\PSoC4/I2C_I2C.c **** 
 170:Generated_Source\PSoC4/I2C_I2C.c ****             /* Configure global variables */
 171:Generated_Source\PSoC4/I2C_I2C.c ****             I2C_state = I2C_I2C_FSM_IDLE;
 172:Generated_Source\PSoC4/I2C_I2C.c **** 
 173:Generated_Source\PSoC4/I2C_I2C.c ****             /* Internal slave variables */
 174:Generated_Source\PSoC4/I2C_I2C.c ****             I2C_slStatus        = 0u;
 175:Generated_Source\PSoC4/I2C_I2C.c ****             I2C_slRdBufIndex    = 0u;
 176:Generated_Source\PSoC4/I2C_I2C.c ****             I2C_slWrBufIndex    = 0u;
 177:Generated_Source\PSoC4/I2C_I2C.c ****             I2C_slOverFlowCount = 0u;
 178:Generated_Source\PSoC4/I2C_I2C.c **** 
 179:Generated_Source\PSoC4/I2C_I2C.c ****             /* Internal master variables */
 180:Generated_Source\PSoC4/I2C_I2C.c ****             I2C_mstrStatus     = 0u;
 181:Generated_Source\PSoC4/I2C_I2C.c ****             I2C_mstrRdBufIndex = 0u;
 182:Generated_Source\PSoC4/I2C_I2C.c ****             I2C_mstrWrBufIndex = 0u;
 183:Generated_Source\PSoC4/I2C_I2C.c ****         }
 184:Generated_Source\PSoC4/I2C_I2C.c ****     }
 185:Generated_Source\PSoC4/I2C_I2C.c **** 
 186:Generated_Source\PSoC4/I2C_I2C.c **** #else
 187:Generated_Source\PSoC4/I2C_I2C.c **** 
 188:Generated_Source\PSoC4/I2C_I2C.c ****     /*******************************************************************************
 189:Generated_Source\PSoC4/I2C_I2C.c ****     * Function Name: I2C_I2CInit
 190:Generated_Source\PSoC4/I2C_I2C.c ****     ****************************************************************************//**
 191:Generated_Source\PSoC4/I2C_I2C.c ****     *
 192:Generated_Source\PSoC4/I2C_I2C.c ****     *  Configures the SCB for the I2C operation.
 193:Generated_Source\PSoC4/I2C_I2C.c ****     *
 194:Generated_Source\PSoC4/I2C_I2C.c ****     *******************************************************************************/
 195:Generated_Source\PSoC4/I2C_I2C.c ****     void I2C_I2CInit(void)
 196:Generated_Source\PSoC4/I2C_I2C.c ****     {
  28              		.loc 1 196 0
  29              		.cfi_startproc
  30              		@ args = 0, pretend = 0, frame = 0
  31              		@ frame_needed = 0, uses_anonymous_args = 0
  32 0000 10B5     		push	{r4, lr}
ARM GAS  C:\Users\corne\AppData\Local\Temp\ccMzuuUu.s 			page 5


  33              		.cfi_def_cfa_offset 8
  34              		.cfi_offset 4, -8
  35              		.cfi_offset 14, -4
 197:Generated_Source\PSoC4/I2C_I2C.c ****     #if(I2C_CY_SCBIP_V0)
 198:Generated_Source\PSoC4/I2C_I2C.c ****         /* Adjust SDA filter settings. Ticket ID#150521 */
 199:Generated_Source\PSoC4/I2C_I2C.c ****         I2C_SET_I2C_CFG_SDA_FILT_TRIM(I2C_EC_AM_I2C_CFG_SDA_FILT_TRIM);
 200:Generated_Source\PSoC4/I2C_I2C.c ****     #endif /* (I2C_CY_SCBIP_V0) */
 201:Generated_Source\PSoC4/I2C_I2C.c **** 
 202:Generated_Source\PSoC4/I2C_I2C.c ****         /* Adjust AF and DF filter settings. Ticket ID#176179 */
 203:Generated_Source\PSoC4/I2C_I2C.c ****         I2C_I2C_CFG_ANALOG_FITER_ENABLE_ADJ;
 204:Generated_Source\PSoC4/I2C_I2C.c **** 
 205:Generated_Source\PSoC4/I2C_I2C.c ****         /* Configure I2C interface */
 206:Generated_Source\PSoC4/I2C_I2C.c ****         I2C_CTRL_REG     = I2C_I2C_DEFAULT_CTRL;
  36              		.loc 1 206 0
  37 0002 8022     		movs	r2, #128
  38 0004 1201     		lsls	r2, r2, #4
  39 0006 1A4B     		ldr	r3, .L2
  40 0008 1A60     		str	r2, [r3]
 207:Generated_Source\PSoC4/I2C_I2C.c ****         I2C_I2C_CTRL_REG = I2C_I2C_DEFAULT_I2C_CTRL;
  41              		.loc 1 207 0
  42 000a 1A4A     		ldr	r2, .L2+4
  43 000c 1A4B     		ldr	r3, .L2+8
  44 000e 1A60     		str	r2, [r3]
 208:Generated_Source\PSoC4/I2C_I2C.c **** 
 209:Generated_Source\PSoC4/I2C_I2C.c ****         /* Configure RX direction */
 210:Generated_Source\PSoC4/I2C_I2C.c ****         I2C_RX_CTRL_REG      = I2C_I2C_DEFAULT_RX_CTRL;
  45              		.loc 1 210 0
  46 0010 1A4B     		ldr	r3, .L2+12
  47 0012 1B4A     		ldr	r2, .L2+16
  48 0014 1360     		str	r3, [r2]
 211:Generated_Source\PSoC4/I2C_I2C.c ****         I2C_RX_FIFO_CTRL_REG = I2C_I2C_DEFAULT_RX_FIFO_CTRL;
  49              		.loc 1 211 0
  50 0016 0024     		movs	r4, #0
  51 0018 1A4A     		ldr	r2, .L2+20
  52 001a 1460     		str	r4, [r2]
 212:Generated_Source\PSoC4/I2C_I2C.c **** 
 213:Generated_Source\PSoC4/I2C_I2C.c ****         /* Set default address and mask */
 214:Generated_Source\PSoC4/I2C_I2C.c ****         I2C_RX_MATCH_REG     = I2C_I2C_DEFAULT_RX_MATCH;
  53              		.loc 1 214 0
  54 001c 1A4A     		ldr	r2, .L2+24
  55 001e 1460     		str	r4, [r2]
 215:Generated_Source\PSoC4/I2C_I2C.c **** 
 216:Generated_Source\PSoC4/I2C_I2C.c ****         /* Configure TX direction */
 217:Generated_Source\PSoC4/I2C_I2C.c ****         I2C_TX_CTRL_REG      = I2C_I2C_DEFAULT_TX_CTRL;
  56              		.loc 1 217 0
  57 0020 1A4A     		ldr	r2, .L2+28
  58 0022 1360     		str	r3, [r2]
 218:Generated_Source\PSoC4/I2C_I2C.c ****         I2C_TX_FIFO_CTRL_REG = I2C_I2C_DEFAULT_TX_FIFO_CTRL;
  59              		.loc 1 218 0
  60 0024 1A4B     		ldr	r3, .L2+32
  61 0026 1C60     		str	r4, [r3]
 219:Generated_Source\PSoC4/I2C_I2C.c **** 
 220:Generated_Source\PSoC4/I2C_I2C.c ****         /* Configure interrupt with I2C handler but do not enable it */
 221:Generated_Source\PSoC4/I2C_I2C.c ****         CyIntDisable    (I2C_ISR_NUMBER);
  62              		.loc 1 221 0
  63 0028 0B20     		movs	r0, #11
  64 002a FFF7FEFF 		bl	CyIntDisable
ARM GAS  C:\Users\corne\AppData\Local\Temp\ccMzuuUu.s 			page 6


  65              	.LVL0:
 222:Generated_Source\PSoC4/I2C_I2C.c ****         CyIntSetPriority(I2C_ISR_NUMBER, I2C_ISR_PRIORITY);
  66              		.loc 1 222 0
  67 002e 0321     		movs	r1, #3
  68 0030 0B20     		movs	r0, #11
  69 0032 FFF7FEFF 		bl	CyIntSetPriority
  70              	.LVL1:
 223:Generated_Source\PSoC4/I2C_I2C.c ****     #if(!I2C_I2C_EXTERN_INTR_HANDLER)
 224:Generated_Source\PSoC4/I2C_I2C.c ****         (void) CyIntSetVector(I2C_ISR_NUMBER, &I2C_I2C_ISR);
  71              		.loc 1 224 0
  72 0036 1749     		ldr	r1, .L2+36
  73 0038 0B20     		movs	r0, #11
  74 003a FFF7FEFF 		bl	CyIntSetVector
  75              	.LVL2:
 225:Generated_Source\PSoC4/I2C_I2C.c ****     #endif /* (I2C_I2C_EXTERN_INTR_HANDLER) */
 226:Generated_Source\PSoC4/I2C_I2C.c **** 
 227:Generated_Source\PSoC4/I2C_I2C.c ****         /* Configure interrupt sources */
 228:Generated_Source\PSoC4/I2C_I2C.c ****     #if(!I2C_CY_SCBIP_V1)
 229:Generated_Source\PSoC4/I2C_I2C.c ****         I2C_INTR_SPI_EC_MASK_REG = I2C_I2C_DEFAULT_INTR_SPI_EC_MASK;
  76              		.loc 1 229 0
  77 003e 164B     		ldr	r3, .L2+40
  78 0040 1C60     		str	r4, [r3]
 230:Generated_Source\PSoC4/I2C_I2C.c ****     #endif /* (!I2C_CY_SCBIP_V1) */
 231:Generated_Source\PSoC4/I2C_I2C.c **** 
 232:Generated_Source\PSoC4/I2C_I2C.c ****         I2C_INTR_I2C_EC_MASK_REG = I2C_I2C_DEFAULT_INTR_I2C_EC_MASK;
  79              		.loc 1 232 0
  80 0042 164B     		ldr	r3, .L2+44
  81 0044 1C60     		str	r4, [r3]
 233:Generated_Source\PSoC4/I2C_I2C.c ****         I2C_INTR_SLAVE_MASK_REG  = I2C_I2C_DEFAULT_INTR_SLAVE_MASK;
  82              		.loc 1 233 0
  83 0046 164B     		ldr	r3, .L2+48
  84 0048 1C60     		str	r4, [r3]
 234:Generated_Source\PSoC4/I2C_I2C.c ****         I2C_INTR_MASTER_MASK_REG = I2C_I2C_DEFAULT_INTR_MASTER_MASK;
  85              		.loc 1 234 0
  86 004a 1422     		movs	r2, #20
  87 004c FF32     		adds	r2, r2, #255
  88 004e 154B     		ldr	r3, .L2+52
  89 0050 1A60     		str	r2, [r3]
 235:Generated_Source\PSoC4/I2C_I2C.c ****         I2C_INTR_RX_MASK_REG     = I2C_I2C_DEFAULT_INTR_RX_MASK;
  90              		.loc 1 235 0
  91 0052 154B     		ldr	r3, .L2+56
  92 0054 1C60     		str	r4, [r3]
 236:Generated_Source\PSoC4/I2C_I2C.c ****         I2C_INTR_TX_MASK_REG     = I2C_I2C_DEFAULT_INTR_TX_MASK;
  93              		.loc 1 236 0
  94 0056 154B     		ldr	r3, .L2+60
  95 0058 1C60     		str	r4, [r3]
 237:Generated_Source\PSoC4/I2C_I2C.c **** 
 238:Generated_Source\PSoC4/I2C_I2C.c ****         /* Configure global variables */
 239:Generated_Source\PSoC4/I2C_I2C.c ****         I2C_state = I2C_I2C_FSM_IDLE;
  96              		.loc 1 239 0
  97 005a 043A     		subs	r2, r2, #4
  98 005c FF3A     		subs	r2, r2, #255
  99 005e 144B     		ldr	r3, .L2+64
 100 0060 1A70     		strb	r2, [r3]
 240:Generated_Source\PSoC4/I2C_I2C.c **** 
 241:Generated_Source\PSoC4/I2C_I2C.c ****     #if(I2C_I2C_SLAVE)
 242:Generated_Source\PSoC4/I2C_I2C.c ****         /* Internal slave variable */
ARM GAS  C:\Users\corne\AppData\Local\Temp\ccMzuuUu.s 			page 7


 243:Generated_Source\PSoC4/I2C_I2C.c ****         I2C_slStatus        = 0u;
 244:Generated_Source\PSoC4/I2C_I2C.c ****         I2C_slRdBufIndex    = 0u;
 245:Generated_Source\PSoC4/I2C_I2C.c ****         I2C_slWrBufIndex    = 0u;
 246:Generated_Source\PSoC4/I2C_I2C.c ****         I2C_slOverFlowCount = 0u;
 247:Generated_Source\PSoC4/I2C_I2C.c ****     #endif /* (I2C_I2C_SLAVE) */
 248:Generated_Source\PSoC4/I2C_I2C.c **** 
 249:Generated_Source\PSoC4/I2C_I2C.c ****     #if(I2C_I2C_MASTER)
 250:Generated_Source\PSoC4/I2C_I2C.c ****     /* Internal master variable */
 251:Generated_Source\PSoC4/I2C_I2C.c ****         I2C_mstrStatus     = 0u;
 101              		.loc 1 251 0
 102 0062 144B     		ldr	r3, .L2+68
 103 0064 1C80     		strh	r4, [r3]
 252:Generated_Source\PSoC4/I2C_I2C.c ****         I2C_mstrRdBufIndex = 0u;
 104              		.loc 1 252 0
 105 0066 144B     		ldr	r3, .L2+72
 106 0068 1C60     		str	r4, [r3]
 253:Generated_Source\PSoC4/I2C_I2C.c ****         I2C_mstrWrBufIndex = 0u;
 107              		.loc 1 253 0
 108 006a 144B     		ldr	r3, .L2+76
 109 006c 1C60     		str	r4, [r3]
 254:Generated_Source\PSoC4/I2C_I2C.c ****     #endif /* (I2C_I2C_MASTER) */
 255:Generated_Source\PSoC4/I2C_I2C.c ****     }
 110              		.loc 1 255 0
 111              		@ sp needed
 112 006e 10BD     		pop	{r4, pc}
 113              	.L3:
 114              		.align	2
 115              	.L2:
 116 0070 00002640 		.word	1076232192
 117 0074 FF080080 		.word	-2147481345
 118 0078 60002640 		.word	1076232288
 119 007c 07010080 		.word	-2147483385
 120 0080 00032640 		.word	1076232960
 121 0084 04032640 		.word	1076232964
 122 0088 10032640 		.word	1076232976
 123 008c 00022640 		.word	1076232704
 124 0090 04022640 		.word	1076232708
 125 0094 00000000 		.word	I2C_I2C_ISR
 126 0098 C80E2640 		.word	1076235976
 127 009c 880E2640 		.word	1076235912
 128 00a0 480F2640 		.word	1076236104
 129 00a4 080F2640 		.word	1076236040
 130 00a8 C80F2640 		.word	1076236232
 131 00ac 880F2640 		.word	1076236168
 132 00b0 00000000 		.word	I2C_state
 133 00b4 00000000 		.word	I2C_mstrStatus
 134 00b8 00000000 		.word	I2C_mstrRdBufIndex
 135 00bc 00000000 		.word	I2C_mstrWrBufIndex
 136              		.cfi_endproc
 137              	.LFE1:
 138              		.size	I2C_I2CInit, .-I2C_I2CInit
 139              		.section	.text.I2C_I2CStop,"ax",%progbits
 140              		.align	2
 141              		.global	I2C_I2CStop
 142              		.code	16
 143              		.thumb_func
 144              		.type	I2C_I2CStop, %function
ARM GAS  C:\Users\corne\AppData\Local\Temp\ccMzuuUu.s 			page 8


 145              	I2C_I2CStop:
 146              	.LFB2:
 256:Generated_Source\PSoC4/I2C_I2C.c **** #endif /* (I2C_SCB_MODE_UNCONFIG_CONST_CFG) */
 257:Generated_Source\PSoC4/I2C_I2C.c **** 
 258:Generated_Source\PSoC4/I2C_I2C.c **** 
 259:Generated_Source\PSoC4/I2C_I2C.c **** /*******************************************************************************
 260:Generated_Source\PSoC4/I2C_I2C.c **** * Function Name: I2C_I2CStop
 261:Generated_Source\PSoC4/I2C_I2C.c **** ****************************************************************************//**
 262:Generated_Source\PSoC4/I2C_I2C.c **** *
 263:Generated_Source\PSoC4/I2C_I2C.c **** *  Resets the I2C FSM into the default state.
 264:Generated_Source\PSoC4/I2C_I2C.c **** *
 265:Generated_Source\PSoC4/I2C_I2C.c **** *******************************************************************************/
 266:Generated_Source\PSoC4/I2C_I2C.c **** void I2C_I2CStop(void)
 267:Generated_Source\PSoC4/I2C_I2C.c **** {
 147              		.loc 1 267 0
 148              		.cfi_startproc
 149              		@ args = 0, pretend = 0, frame = 0
 150              		@ frame_needed = 0, uses_anonymous_args = 0
 151              		@ link register save eliminated.
 268:Generated_Source\PSoC4/I2C_I2C.c ****     I2C_state = I2C_I2C_FSM_IDLE;
 152              		.loc 1 268 0
 153 0000 1022     		movs	r2, #16
 154 0002 014B     		ldr	r3, .L5
 155 0004 1A70     		strb	r2, [r3]
 269:Generated_Source\PSoC4/I2C_I2C.c **** }
 156              		.loc 1 269 0
 157              		@ sp needed
 158 0006 7047     		bx	lr
 159              	.L6:
 160              		.align	2
 161              	.L5:
 162 0008 00000000 		.word	I2C_state
 163              		.cfi_endproc
 164              	.LFE2:
 165              		.size	I2C_I2CStop, .-I2C_I2CStop
 166              		.comm	I2C_state,1,1
 167              		.text
 168              	.Letext0:
 169              		.file 2 "Generated_Source\\PSoC4/cytypes.h"
 170              		.file 3 "Generated_Source\\PSoC4\\I2C_I2C_PVT.h"
 171              		.file 4 "Generated_Source\\PSoC4/CyLib.h"
 172              		.section	.debug_info,"",%progbits
 173              	.Ldebug_info0:
 174 0000 7F010000 		.4byte	0x17f
 175 0004 0400     		.2byte	0x4
 176 0006 00000000 		.4byte	.Ldebug_abbrev0
 177 000a 04       		.byte	0x4
 178 000b 01       		.uleb128 0x1
 179 000c 5F010000 		.4byte	.LASF25
 180 0010 0C       		.byte	0xc
 181 0011 80000000 		.4byte	.LASF26
 182 0015 CC000000 		.4byte	.LASF27
 183 0019 00000000 		.4byte	.Ldebug_ranges0+0
 184 001d 00000000 		.4byte	0
 185 0021 00000000 		.4byte	.Ldebug_line0
 186 0025 02       		.uleb128 0x2
 187 0026 01       		.byte	0x1
ARM GAS  C:\Users\corne\AppData\Local\Temp\ccMzuuUu.s 			page 9


 188 0027 06       		.byte	0x6
 189 0028 4E000000 		.4byte	.LASF0
 190 002c 02       		.uleb128 0x2
 191 002d 01       		.byte	0x1
 192 002e 08       		.byte	0x8
 193 002f 5A000000 		.4byte	.LASF1
 194 0033 02       		.uleb128 0x2
 195 0034 02       		.byte	0x2
 196 0035 05       		.byte	0x5
 197 0036 B4000000 		.4byte	.LASF2
 198 003a 02       		.uleb128 0x2
 199 003b 02       		.byte	0x2
 200 003c 07       		.byte	0x7
 201 003d 15000000 		.4byte	.LASF3
 202 0041 02       		.uleb128 0x2
 203 0042 04       		.byte	0x4
 204 0043 05       		.byte	0x5
 205 0044 31020000 		.4byte	.LASF4
 206 0048 02       		.uleb128 0x2
 207 0049 04       		.byte	0x4
 208 004a 07       		.byte	0x7
 209 004b 68000000 		.4byte	.LASF5
 210 004f 02       		.uleb128 0x2
 211 0050 08       		.byte	0x8
 212 0051 05       		.byte	0x5
 213 0052 F6010000 		.4byte	.LASF6
 214 0056 02       		.uleb128 0x2
 215 0057 08       		.byte	0x8
 216 0058 07       		.byte	0x7
 217 0059 37010000 		.4byte	.LASF7
 218 005d 03       		.uleb128 0x3
 219 005e 04       		.byte	0x4
 220 005f 05       		.byte	0x5
 221 0060 696E7400 		.ascii	"int\000"
 222 0064 02       		.uleb128 0x2
 223 0065 04       		.byte	0x4
 224 0066 07       		.byte	0x7
 225 0067 28000000 		.4byte	.LASF8
 226 006b 04       		.uleb128 0x4
 227 006c 7A000000 		.4byte	.LASF9
 228 0070 02       		.byte	0x2
 229 0071 B901     		.2byte	0x1b9
 230 0073 2C000000 		.4byte	0x2c
 231 0077 04       		.uleb128 0x4
 232 0078 BE000000 		.4byte	.LASF10
 233 007c 02       		.byte	0x2
 234 007d BA01     		.2byte	0x1ba
 235 007f 3A000000 		.4byte	0x3a
 236 0083 04       		.uleb128 0x4
 237 0084 C5000000 		.4byte	.LASF11
 238 0088 02       		.byte	0x2
 239 0089 BB01     		.2byte	0x1bb
 240 008b 48000000 		.4byte	0x48
 241 008f 02       		.uleb128 0x2
 242 0090 04       		.byte	0x4
 243 0091 04       		.byte	0x4
 244 0092 48000000 		.4byte	.LASF12
ARM GAS  C:\Users\corne\AppData\Local\Temp\ccMzuuUu.s 			page 10


 245 0096 02       		.uleb128 0x2
 246 0097 08       		.byte	0x8
 247 0098 04       		.byte	0x4
 248 0099 A1000000 		.4byte	.LASF13
 249 009d 02       		.uleb128 0x2
 250 009e 01       		.byte	0x1
 251 009f 08       		.byte	0x8
 252 00a0 04020000 		.4byte	.LASF14
 253 00a4 05       		.uleb128 0x5
 254 00a5 6B000000 		.4byte	0x6b
 255 00a9 05       		.uleb128 0x5
 256 00aa 77000000 		.4byte	0x77
 257 00ae 04       		.uleb128 0x4
 258 00af 00000000 		.4byte	.LASF15
 259 00b3 02       		.byte	0x2
 260 00b4 6502     		.2byte	0x265
 261 00b6 BA000000 		.4byte	0xba
 262 00ba 05       		.uleb128 0x5
 263 00bb 83000000 		.4byte	0x83
 264 00bf 02       		.uleb128 0x2
 265 00c0 08       		.byte	0x8
 266 00c1 04       		.byte	0x4
 267 00c2 3A020000 		.4byte	.LASF16
 268 00c6 02       		.uleb128 0x2
 269 00c7 04       		.byte	0x4
 270 00c8 07       		.byte	0x7
 271 00c9 ED010000 		.4byte	.LASF17
 272 00cd 06       		.uleb128 0x6
 273 00ce A8000000 		.4byte	.LASF28
 274 00d2 01       		.byte	0x1
 275 00d3 C3       		.byte	0xc3
 276 00d4 00000000 		.4byte	.LFB1
 277 00d8 C0000000 		.4byte	.LFE1-.LFB1
 278 00dc 01       		.uleb128 0x1
 279 00dd 9C       		.byte	0x9c
 280 00de 1D010000 		.4byte	0x11d
 281 00e2 07       		.uleb128 0x7
 282 00e3 2E000000 		.4byte	.LVL0
 283 00e7 61010000 		.4byte	0x161
 284 00eb F5000000 		.4byte	0xf5
 285 00ef 08       		.uleb128 0x8
 286 00f0 01       		.uleb128 0x1
 287 00f1 50       		.byte	0x50
 288 00f2 01       		.uleb128 0x1
 289 00f3 3B       		.byte	0x3b
 290 00f4 00       		.byte	0
 291 00f5 07       		.uleb128 0x7
 292 00f6 36000000 		.4byte	.LVL1
 293 00fa 6C010000 		.4byte	0x16c
 294 00fe 0D010000 		.4byte	0x10d
 295 0102 08       		.uleb128 0x8
 296 0103 01       		.uleb128 0x1
 297 0104 50       		.byte	0x50
 298 0105 01       		.uleb128 0x1
 299 0106 3B       		.byte	0x3b
 300 0107 08       		.uleb128 0x8
 301 0108 01       		.uleb128 0x1
ARM GAS  C:\Users\corne\AppData\Local\Temp\ccMzuuUu.s 			page 11


 302 0109 51       		.byte	0x51
 303 010a 01       		.uleb128 0x1
 304 010b 33       		.byte	0x33
 305 010c 00       		.byte	0
 306 010d 09       		.uleb128 0x9
 307 010e 3E000000 		.4byte	.LVL2
 308 0112 77010000 		.4byte	0x177
 309 0116 08       		.uleb128 0x8
 310 0117 01       		.uleb128 0x1
 311 0118 50       		.byte	0x50
 312 0119 01       		.uleb128 0x1
 313 011a 3B       		.byte	0x3b
 314 011b 00       		.byte	0
 315 011c 00       		.byte	0
 316 011d 0A       		.uleb128 0xa
 317 011e 16020000 		.4byte	.LASF29
 318 0122 01       		.byte	0x1
 319 0123 0A01     		.2byte	0x10a
 320 0125 00000000 		.4byte	.LFB2
 321 0129 0C000000 		.4byte	.LFE2-.LFB2
 322 012d 01       		.uleb128 0x1
 323 012e 9C       		.byte	0x9c
 324 012f 0B       		.uleb128 0xb
 325 0130 46020000 		.4byte	.LASF18
 326 0134 01       		.byte	0x1
 327 0135 1B       		.byte	0x1b
 328 0136 A4000000 		.4byte	0xa4
 329 013a 05       		.uleb128 0x5
 330 013b 03       		.byte	0x3
 331 013c 00000000 		.4byte	I2C_state
 332 0140 0C       		.uleb128 0xc
 333 0141 22020000 		.4byte	.LASF19
 334 0145 03       		.byte	0x3
 335 0146 31       		.byte	0x31
 336 0147 A9000000 		.4byte	0xa9
 337 014b 0C       		.uleb128 0xc
 338 014c 35000000 		.4byte	.LASF20
 339 0150 03       		.byte	0x3
 340 0151 37       		.byte	0x37
 341 0152 BA000000 		.4byte	0xba
 342 0156 0C       		.uleb128 0xc
 343 0157 50020000 		.4byte	.LASF21
 344 015b 03       		.byte	0x3
 345 015c 3C       		.byte	0x3c
 346 015d BA000000 		.4byte	0xba
 347 0161 0D       		.uleb128 0xd
 348 0162 09020000 		.4byte	.LASF22
 349 0166 09020000 		.4byte	.LASF22
 350 016a 04       		.byte	0x4
 351 016b C5       		.byte	0xc5
 352 016c 0D       		.uleb128 0xd
 353 016d 4E010000 		.4byte	.LASF23
 354 0171 4E010000 		.4byte	.LASF23
 355 0175 04       		.byte	0x4
 356 0176 C0       		.byte	0xc0
 357 0177 0D       		.uleb128 0xd
 358 0178 06000000 		.4byte	.LASF24
ARM GAS  C:\Users\corne\AppData\Local\Temp\ccMzuuUu.s 			page 12


 359 017c 06000000 		.4byte	.LASF24
 360 0180 04       		.byte	0x4
 361 0181 BD       		.byte	0xbd
 362 0182 00       		.byte	0
 363              		.section	.debug_abbrev,"",%progbits
 364              	.Ldebug_abbrev0:
 365 0000 01       		.uleb128 0x1
 366 0001 11       		.uleb128 0x11
 367 0002 01       		.byte	0x1
 368 0003 25       		.uleb128 0x25
 369 0004 0E       		.uleb128 0xe
 370 0005 13       		.uleb128 0x13
 371 0006 0B       		.uleb128 0xb
 372 0007 03       		.uleb128 0x3
 373 0008 0E       		.uleb128 0xe
 374 0009 1B       		.uleb128 0x1b
 375 000a 0E       		.uleb128 0xe
 376 000b 55       		.uleb128 0x55
 377 000c 17       		.uleb128 0x17
 378 000d 11       		.uleb128 0x11
 379 000e 01       		.uleb128 0x1
 380 000f 10       		.uleb128 0x10
 381 0010 17       		.uleb128 0x17
 382 0011 00       		.byte	0
 383 0012 00       		.byte	0
 384 0013 02       		.uleb128 0x2
 385 0014 24       		.uleb128 0x24
 386 0015 00       		.byte	0
 387 0016 0B       		.uleb128 0xb
 388 0017 0B       		.uleb128 0xb
 389 0018 3E       		.uleb128 0x3e
 390 0019 0B       		.uleb128 0xb
 391 001a 03       		.uleb128 0x3
 392 001b 0E       		.uleb128 0xe
 393 001c 00       		.byte	0
 394 001d 00       		.byte	0
 395 001e 03       		.uleb128 0x3
 396 001f 24       		.uleb128 0x24
 397 0020 00       		.byte	0
 398 0021 0B       		.uleb128 0xb
 399 0022 0B       		.uleb128 0xb
 400 0023 3E       		.uleb128 0x3e
 401 0024 0B       		.uleb128 0xb
 402 0025 03       		.uleb128 0x3
 403 0026 08       		.uleb128 0x8
 404 0027 00       		.byte	0
 405 0028 00       		.byte	0
 406 0029 04       		.uleb128 0x4
 407 002a 16       		.uleb128 0x16
 408 002b 00       		.byte	0
 409 002c 03       		.uleb128 0x3
 410 002d 0E       		.uleb128 0xe
 411 002e 3A       		.uleb128 0x3a
 412 002f 0B       		.uleb128 0xb
 413 0030 3B       		.uleb128 0x3b
 414 0031 05       		.uleb128 0x5
 415 0032 49       		.uleb128 0x49
ARM GAS  C:\Users\corne\AppData\Local\Temp\ccMzuuUu.s 			page 13


 416 0033 13       		.uleb128 0x13
 417 0034 00       		.byte	0
 418 0035 00       		.byte	0
 419 0036 05       		.uleb128 0x5
 420 0037 35       		.uleb128 0x35
 421 0038 00       		.byte	0
 422 0039 49       		.uleb128 0x49
 423 003a 13       		.uleb128 0x13
 424 003b 00       		.byte	0
 425 003c 00       		.byte	0
 426 003d 06       		.uleb128 0x6
 427 003e 2E       		.uleb128 0x2e
 428 003f 01       		.byte	0x1
 429 0040 3F       		.uleb128 0x3f
 430 0041 19       		.uleb128 0x19
 431 0042 03       		.uleb128 0x3
 432 0043 0E       		.uleb128 0xe
 433 0044 3A       		.uleb128 0x3a
 434 0045 0B       		.uleb128 0xb
 435 0046 3B       		.uleb128 0x3b
 436 0047 0B       		.uleb128 0xb
 437 0048 27       		.uleb128 0x27
 438 0049 19       		.uleb128 0x19
 439 004a 11       		.uleb128 0x11
 440 004b 01       		.uleb128 0x1
 441 004c 12       		.uleb128 0x12
 442 004d 06       		.uleb128 0x6
 443 004e 40       		.uleb128 0x40
 444 004f 18       		.uleb128 0x18
 445 0050 9742     		.uleb128 0x2117
 446 0052 19       		.uleb128 0x19
 447 0053 01       		.uleb128 0x1
 448 0054 13       		.uleb128 0x13
 449 0055 00       		.byte	0
 450 0056 00       		.byte	0
 451 0057 07       		.uleb128 0x7
 452 0058 898201   		.uleb128 0x4109
 453 005b 01       		.byte	0x1
 454 005c 11       		.uleb128 0x11
 455 005d 01       		.uleb128 0x1
 456 005e 31       		.uleb128 0x31
 457 005f 13       		.uleb128 0x13
 458 0060 01       		.uleb128 0x1
 459 0061 13       		.uleb128 0x13
 460 0062 00       		.byte	0
 461 0063 00       		.byte	0
 462 0064 08       		.uleb128 0x8
 463 0065 8A8201   		.uleb128 0x410a
 464 0068 00       		.byte	0
 465 0069 02       		.uleb128 0x2
 466 006a 18       		.uleb128 0x18
 467 006b 9142     		.uleb128 0x2111
 468 006d 18       		.uleb128 0x18
 469 006e 00       		.byte	0
 470 006f 00       		.byte	0
 471 0070 09       		.uleb128 0x9
 472 0071 898201   		.uleb128 0x4109
ARM GAS  C:\Users\corne\AppData\Local\Temp\ccMzuuUu.s 			page 14


 473 0074 01       		.byte	0x1
 474 0075 11       		.uleb128 0x11
 475 0076 01       		.uleb128 0x1
 476 0077 31       		.uleb128 0x31
 477 0078 13       		.uleb128 0x13
 478 0079 00       		.byte	0
 479 007a 00       		.byte	0
 480 007b 0A       		.uleb128 0xa
 481 007c 2E       		.uleb128 0x2e
 482 007d 00       		.byte	0
 483 007e 3F       		.uleb128 0x3f
 484 007f 19       		.uleb128 0x19
 485 0080 03       		.uleb128 0x3
 486 0081 0E       		.uleb128 0xe
 487 0082 3A       		.uleb128 0x3a
 488 0083 0B       		.uleb128 0xb
 489 0084 3B       		.uleb128 0x3b
 490 0085 05       		.uleb128 0x5
 491 0086 27       		.uleb128 0x27
 492 0087 19       		.uleb128 0x19
 493 0088 11       		.uleb128 0x11
 494 0089 01       		.uleb128 0x1
 495 008a 12       		.uleb128 0x12
 496 008b 06       		.uleb128 0x6
 497 008c 40       		.uleb128 0x40
 498 008d 18       		.uleb128 0x18
 499 008e 9742     		.uleb128 0x2117
 500 0090 19       		.uleb128 0x19
 501 0091 00       		.byte	0
 502 0092 00       		.byte	0
 503 0093 0B       		.uleb128 0xb
 504 0094 34       		.uleb128 0x34
 505 0095 00       		.byte	0
 506 0096 03       		.uleb128 0x3
 507 0097 0E       		.uleb128 0xe
 508 0098 3A       		.uleb128 0x3a
 509 0099 0B       		.uleb128 0xb
 510 009a 3B       		.uleb128 0x3b
 511 009b 0B       		.uleb128 0xb
 512 009c 49       		.uleb128 0x49
 513 009d 13       		.uleb128 0x13
 514 009e 3F       		.uleb128 0x3f
 515 009f 19       		.uleb128 0x19
 516 00a0 02       		.uleb128 0x2
 517 00a1 18       		.uleb128 0x18
 518 00a2 00       		.byte	0
 519 00a3 00       		.byte	0
 520 00a4 0C       		.uleb128 0xc
 521 00a5 34       		.uleb128 0x34
 522 00a6 00       		.byte	0
 523 00a7 03       		.uleb128 0x3
 524 00a8 0E       		.uleb128 0xe
 525 00a9 3A       		.uleb128 0x3a
 526 00aa 0B       		.uleb128 0xb
 527 00ab 3B       		.uleb128 0x3b
 528 00ac 0B       		.uleb128 0xb
 529 00ad 49       		.uleb128 0x49
ARM GAS  C:\Users\corne\AppData\Local\Temp\ccMzuuUu.s 			page 15


 530 00ae 13       		.uleb128 0x13
 531 00af 3F       		.uleb128 0x3f
 532 00b0 19       		.uleb128 0x19
 533 00b1 3C       		.uleb128 0x3c
 534 00b2 19       		.uleb128 0x19
 535 00b3 00       		.byte	0
 536 00b4 00       		.byte	0
 537 00b5 0D       		.uleb128 0xd
 538 00b6 2E       		.uleb128 0x2e
 539 00b7 00       		.byte	0
 540 00b8 3F       		.uleb128 0x3f
 541 00b9 19       		.uleb128 0x19
 542 00ba 3C       		.uleb128 0x3c
 543 00bb 19       		.uleb128 0x19
 544 00bc 6E       		.uleb128 0x6e
 545 00bd 0E       		.uleb128 0xe
 546 00be 03       		.uleb128 0x3
 547 00bf 0E       		.uleb128 0xe
 548 00c0 3A       		.uleb128 0x3a
 549 00c1 0B       		.uleb128 0xb
 550 00c2 3B       		.uleb128 0x3b
 551 00c3 0B       		.uleb128 0xb
 552 00c4 00       		.byte	0
 553 00c5 00       		.byte	0
 554 00c6 00       		.byte	0
 555              		.section	.debug_aranges,"",%progbits
 556 0000 24000000 		.4byte	0x24
 557 0004 0200     		.2byte	0x2
 558 0006 00000000 		.4byte	.Ldebug_info0
 559 000a 04       		.byte	0x4
 560 000b 00       		.byte	0
 561 000c 0000     		.2byte	0
 562 000e 0000     		.2byte	0
 563 0010 00000000 		.4byte	.LFB1
 564 0014 C0000000 		.4byte	.LFE1-.LFB1
 565 0018 00000000 		.4byte	.LFB2
 566 001c 0C000000 		.4byte	.LFE2-.LFB2
 567 0020 00000000 		.4byte	0
 568 0024 00000000 		.4byte	0
 569              		.section	.debug_ranges,"",%progbits
 570              	.Ldebug_ranges0:
 571 0000 00000000 		.4byte	.LFB1
 572 0004 C0000000 		.4byte	.LFE1
 573 0008 00000000 		.4byte	.LFB2
 574 000c 0C000000 		.4byte	.LFE2
 575 0010 00000000 		.4byte	0
 576 0014 00000000 		.4byte	0
 577              		.section	.debug_line,"",%progbits
 578              	.Ldebug_line0:
 579 0000 A1000000 		.section	.debug_str,"MS",%progbits,1
 579      02006000 
 579      00000201 
 579      FB0E0D00 
 579      01010101 
 580              	.LASF15:
 581 0000 72656733 		.ascii	"reg32\000"
 581      3200
ARM GAS  C:\Users\corne\AppData\Local\Temp\ccMzuuUu.s 			page 16


 582              	.LASF24:
 583 0006 4379496E 		.ascii	"CyIntSetVector\000"
 583      74536574 
 583      56656374 
 583      6F7200
 584              	.LASF3:
 585 0015 73686F72 		.ascii	"short unsigned int\000"
 585      7420756E 
 585      7369676E 
 585      65642069 
 585      6E7400
 586              	.LASF8:
 587 0028 756E7369 		.ascii	"unsigned int\000"
 587      676E6564 
 587      20696E74 
 587      00
 588              	.LASF20:
 589 0035 4932435F 		.ascii	"I2C_mstrRdBufIndex\000"
 589      6D737472 
 589      52644275 
 589      66496E64 
 589      657800
 590              	.LASF12:
 591 0048 666C6F61 		.ascii	"float\000"
 591      7400
 592              	.LASF0:
 593 004e 7369676E 		.ascii	"signed char\000"
 593      65642063 
 593      68617200 
 594              	.LASF1:
 595 005a 756E7369 		.ascii	"unsigned char\000"
 595      676E6564 
 595      20636861 
 595      7200
 596              	.LASF5:
 597 0068 6C6F6E67 		.ascii	"long unsigned int\000"
 597      20756E73 
 597      69676E65 
 597      6420696E 
 597      7400
 598              	.LASF9:
 599 007a 75696E74 		.ascii	"uint8\000"
 599      3800
 600              	.LASF26:
 601 0080 47656E65 		.ascii	"Generated_Source\\PSoC4\\I2C_I2C.c\000"
 601      72617465 
 601      645F536F 
 601      75726365 
 601      5C50536F 
 602              	.LASF13:
 603 00a1 646F7562 		.ascii	"double\000"
 603      6C6500
 604              	.LASF28:
 605 00a8 4932435F 		.ascii	"I2C_I2CInit\000"
 605      49324349 
 605      6E697400 
 606              	.LASF2:
ARM GAS  C:\Users\corne\AppData\Local\Temp\ccMzuuUu.s 			page 17


 607 00b4 73686F72 		.ascii	"short int\000"
 607      7420696E 
 607      7400
 608              	.LASF10:
 609 00be 75696E74 		.ascii	"uint16\000"
 609      313600
 610              	.LASF11:
 611 00c5 75696E74 		.ascii	"uint32\000"
 611      333200
 612              	.LASF27:
 613 00cc 433A5C55 		.ascii	"C:\\Users\\corne\\Dropbox\\prive\\projects\\Wireles"
 613      73657273 
 613      5C636F72 
 613      6E655C44 
 613      726F7062 
 614 00f9 735F7365 		.ascii	"s_sensornode\\Software\\Wireless_sensornode\\Firmwa"
 614      6E736F72 
 614      6E6F6465 
 614      5C536F66 
 614      74776172 
 615 0129 72655F56 		.ascii	"re_V0.1.cydsn\000"
 615      302E312E 
 615      63796473 
 615      6E00
 616              	.LASF7:
 617 0137 6C6F6E67 		.ascii	"long long unsigned int\000"
 617      206C6F6E 
 617      6720756E 
 617      7369676E 
 617      65642069 
 618              	.LASF23:
 619 014e 4379496E 		.ascii	"CyIntSetPriority\000"
 619      74536574 
 619      5072696F 
 619      72697479 
 619      00
 620              	.LASF25:
 621 015f 474E5520 		.ascii	"GNU C11 5.4.1 20160609 (release) [ARM/embedded-5-br"
 621      43313120 
 621      352E342E 
 621      31203230 
 621      31363036 
 622 0192 616E6368 		.ascii	"anch revision 237715] -mcpu=cortex-m0 -mthumb -g -O"
 622      20726576 
 622      6973696F 
 622      6E203233 
 622      37373135 
 623 01c5 67202D66 		.ascii	"g -ffunction-sections -ffat-lto-objects\000"
 623      66756E63 
 623      74696F6E 
 623      2D736563 
 623      74696F6E 
 624              	.LASF17:
 625 01ed 73697A65 		.ascii	"sizetype\000"
 625      74797065 
 625      00
 626              	.LASF6:
ARM GAS  C:\Users\corne\AppData\Local\Temp\ccMzuuUu.s 			page 18


 627 01f6 6C6F6E67 		.ascii	"long long int\000"
 627      206C6F6E 
 627      6720696E 
 627      7400
 628              	.LASF14:
 629 0204 63686172 		.ascii	"char\000"
 629      00
 630              	.LASF22:
 631 0209 4379496E 		.ascii	"CyIntDisable\000"
 631      74446973 
 631      61626C65 
 631      00
 632              	.LASF29:
 633 0216 4932435F 		.ascii	"I2C_I2CStop\000"
 633      49324353 
 633      746F7000 
 634              	.LASF19:
 635 0222 4932435F 		.ascii	"I2C_mstrStatus\000"
 635      6D737472 
 635      53746174 
 635      757300
 636              	.LASF4:
 637 0231 6C6F6E67 		.ascii	"long int\000"
 637      20696E74 
 637      00
 638              	.LASF16:
 639 023a 6C6F6E67 		.ascii	"long double\000"
 639      20646F75 
 639      626C6500 
 640              	.LASF18:
 641 0246 4932435F 		.ascii	"I2C_state\000"
 641      73746174 
 641      6500
 642              	.LASF21:
 643 0250 4932435F 		.ascii	"I2C_mstrWrBufIndex\000"
 643      6D737472 
 643      57724275 
 643      66496E64 
 643      657800
 644              		.ident	"GCC: (GNU Tools for ARM Embedded Processors) 5.4.1 20160609 (release) [ARM/embedded-5-bran
